Component: ARM Compiler 5.06 update 7 (build 960) Tool: armlink [4d3601]

==============================================================================

Section Cross References

    startup_stm32f103xe.o(STACK) refers (Special) to heapauxi.o(.text) for __use_two_region_memory
    startup_stm32f103xe.o(HEAP) refers (Special) to heapauxi.o(.text) for __use_two_region_memory
    startup_stm32f103xe.o(RESET) refers (Special) to heapauxi.o(.text) for __use_two_region_memory
    startup_stm32f103xe.o(RESET) refers to startup_stm32f103xe.o(STACK) for __initial_sp
    startup_stm32f103xe.o(RESET) refers to startup_stm32f103xe.o(.text) for Reset_Handler
    startup_stm32f103xe.o(RESET) refers to stm32f1xx_it.o(i.NMI_Handler) for NMI_Handler
    startup_stm32f103xe.o(RESET) refers to stm32f1xx_it.o(i.HardFault_Handler) for HardFault_Handler
    startup_stm32f103xe.o(RESET) refers to stm32f1xx_it.o(i.MemManage_Handler) for MemManage_Handler
    startup_stm32f103xe.o(RESET) refers to stm32f1xx_it.o(i.BusFault_Handler) for BusFault_Handler
    startup_stm32f103xe.o(RESET) refers to stm32f1xx_it.o(i.UsageFault_Handler) for UsageFault_Handler
    startup_stm32f103xe.o(RESET) refers to stm32f1xx_it.o(i.SVC_Handler) for SVC_Handler
    startup_stm32f103xe.o(RESET) refers to stm32f1xx_it.o(i.DebugMon_Handler) for DebugMon_Handler
    startup_stm32f103xe.o(RESET) refers to adc.o(i.DMA1_Channel1_IRQHandler) for DMA1_Channel1_IRQHandler
    startup_stm32f103xe.o(RESET) refers to gtim.o(i.TIM3_IRQHandler) for TIM3_IRQHandler
    startup_stm32f103xe.o(RESET) refers to usart.o(i.USART1_IRQHandler) for USART1_IRQHandler
    startup_stm32f103xe.o(RESET) refers to atk_mw8266d_uart.o(i.USART3_IRQHandler) for USART3_IRQHandler
    startup_stm32f103xe.o(.text) refers (Special) to heapauxi.o(.text) for __use_two_region_memory
    startup_stm32f103xe.o(.text) refers to system_stm32f1xx.o(i.SystemInit) for SystemInit
    startup_stm32f103xe.o(.text) refers to __main.o(!!!main) for __main
    startup_stm32f103xe.o(.text) refers to startup_stm32f103xe.o(HEAP) for Heap_Mem
    startup_stm32f103xe.o(.text) refers to startup_stm32f103xe.o(STACK) for Stack_Mem
    main.o(i.main) refers to stm32f1xx_hal.o(i.HAL_Init) for HAL_Init
    main.o(i.main) refers to sys.o(i.sys_stm32_clock_init) for sys_stm32_clock_init
    main.o(i.main) refers to delay.o(i.delay_init) for delay_init
    main.o(i.main) refers to usart.o(i.usart_init) for usart_init
    main.o(i.main) refers to lcd_1.o(i.lcd_init) for lcd_init
    main.o(i.main) refers to led.o(i.led_init) for led_init
    main.o(i.main) refers to lcd_1.o(i.lcd_clear) for lcd_clear
    main.o(i.main) refers to lcd.o(i.lcd_sections_init) for lcd_sections_init
    main.o(i.main) refers to lcd.o(i.lcd_spectrum_init) for lcd_spectrum_init
    main.o(i.main) refers to lcd.o(i.lcd_stave_init) for lcd_stave_init
    main.o(i.main) refers to lcd.o(i.lcd_buttons_init) for lcd_buttons_init
    main.o(i.main) refers to lcd.o(i.lcd_logo_init) for lcd_logo_init
    main.o(i.main) refers to lcd.o(i.lcd_char_init) for lcd_char_init
    main.o(i.main) refers to lcd.o(i.lcd_note_init) for lcd_note_init
    main.o(i.main) refers to touch.o(i.ctp_init) for ctp_init
    main.o(i.main) refers to gtim.o(i.gtim_timx_int_init) for gtim_timx_int_init
    main.o(i.main) refers to adc.o(i.adc_dma_init) for adc_dma_init
    main.o(i.main) refers to arm_cfft_radix4_init_f32.o(.text) for arm_cfft_radix4_init_f32
    main.o(i.main) refers to fflt_clz.o(x$fpl$fflt) for __aeabi_i2f
    main.o(i.main) refers to fleqf.o(x$fpl$fleqf) for __aeabi_cfcmple
    main.o(i.main) refers to ffix.o(x$fpl$ffix) for __aeabi_f2iz
    main.o(i.main) refers to dflt_clz.o(x$fpl$dflt) for __aeabi_i2d
    main.o(i.main) refers to ddiv.o(x$fpl$ddiv) for __aeabi_ddiv
    main.o(i.main) refers to d2f.o(x$fpl$d2f) for __aeabi_d2f
    main.o(i.main) refers to faddsub_clz.o(x$fpl$frsb) for __aeabi_frsub
    main.o(i.main) refers to faddsub_clz.o(x$fpl$fadd) for __aeabi_fadd
    main.o(i.main) refers to frleqf.o(x$fpl$frleqf) for __aeabi_cfrcmple
    main.o(i.main) refers to faddsub_clz.o(x$fpl$fsub) for __aeabi_fsub
    main.o(i.main) refers to lcd.o(i.lcd_spectrum_set_height) for lcd_spectrum_set_height
    main.o(i.main) refers to arm_cfft_radix4_f32.o(.text) for arm_cfft_radix4_f32
    main.o(i.main) refers to arm_cmplx_mag_f32.o(.text) for arm_cmplx_mag_f32
    main.o(i.main) refers to main.o(i.search_notes) for search_notes
    main.o(i.main) refers to touch.o(i.ctp_scan) for ctp_scan
    main.o(i.main) refers to lcd.o(i.lcd_stave_update) for lcd_stave_update
    main.o(i.main) refers to gtim.o(.data) for adc_buf
    main.o(i.main) refers to main.o(.bss) for scfft
    main.o(i.main) refers to lcd.o(.bss) for bar_heights
    main.o(i.main) refers to gtim.o(.bss) for fft_in
    main.o(i.main) refers to touch.o(.data) for state
    main.o(i.search_notes) refers to lcd.o(i.lcd_note_press) for lcd_note_press
[...]
    __rt_lib_init_argv_1                     0x080001d3   Thumb Code     0  libinit2.o(.ARM.Collect$$libinit$$0000002C)
    __rt_lib_init_atexit_1                   0x080001d3   Thumb Code     0  libinit2.o(.ARM.Collect$$libinit$$0000001B)
    __rt_lib_init_clock_1                    0x080001d3   Thumb Code     0  libinit2.o(.ARM.Collect$$libinit$$00000021)
    __rt_lib_init_cpp_1                      0x080001d3   Thumb Code     0  libinit2.o(.ARM.Collect$$libinit$$00000032)
    __rt_lib_init_exceptions_1               0x080001d3   Thumb Code     0  libinit2.o(.ARM.Collect$$libinit$$00000030)
    __rt_lib_init_fp_trap_1                  0x080001d3   Thumb Code     0  libinit2.o(.ARM.Collect$$libinit$$0000001F)
    __rt_lib_init_getenv_1                   0x080001d3   Thumb Code     0  libinit2.o(.ARM.Collect$$libinit$$00000023)
    __rt_lib_init_lc_numeric_1               0x080001d3   Thumb Code     0  libinit2.o(.ARM.Collect$$libinit$$00000017)
    __rt_lib_init_lc_time_1                  0x080001d3   Thumb Code     0  libinit2.o(.ARM.Collect$$libinit$$00000019)
    __rt_lib_init_return                     0x080001d3   Thumb Code     0  libinit2.o(.ARM.Collect$$libinit$$00000033)
    __rt_lib_init_signal_1                   0x080001d3   Thumb Code     0  libinit2.o(.ARM.Collect$$libinit$$0000001D)
    __rt_lib_init_stdio_1                    0x080001d3   Thumb Code     0  libinit2.o(.ARM.Collect$$libinit$$00000025)
    __rt_lib_shutdown                        0x080001d5   Thumb Code     0  libshutdown.o(.ARM.Collect$$libshutdown$$00000000)
    __rt_lib_shutdown_cpp_1                  0x080001d7   Thumb Code     0  libshutdown2.o(.ARM.Collect$$libshutdown$$00000004)
    __rt_lib_shutdown_fini_1                 0x080001d7   Thumb Code     0  libshutdown2.o(.ARM.Collect$$libshutdown$$00000002)
    __rt_lib_shutdown_fp_trap_1              0x080001d7   Thumb Code     0  libshutdown2.o(.ARM.Collect$$libshutdown$$00000009)
    __rt_lib_shutdown_heap_1                 0x080001d7   Thumb Code     0  libshutdown2.o(.ARM.Collect$$libshutdown$$00000011)
    __rt_lib_shutdown_return                 0x080001d7   Thumb Code     0  libshutdown2.o(.ARM.Collect$$libshutdown$$00000012)
    __rt_lib_shutdown_signal_1               0x080001d7   Thumb Code     0  libshutdown2.o(.ARM.Collect$$libshutdown$$0000000C)
    __rt_lib_shutdown_stdio_1                0x080001d7   Thumb Code     0  libshutdown2.o(.ARM.Collect$$libshutdown$$00000006)
    __rt_lib_shutdown_user_alloc_1           0x080001d7   Thumb Code     0  libshutdown2.o(.ARM.Collect$$libshutdown$$0000000E)
    __rt_entry                               0x080001d9   Thumb Code     0  __rtentry.o(.ARM.Collect$$rtentry$$00000000)
    __rt_entry_presh_1                       0x080001d9   Thumb Code     0  __rtentry2.o(.ARM.Collect$$rtentry$$00000002)
    __rt_entry_sh                            0x080001d9   Thumb Code     0  __rtentry4.o(.ARM.Collect$$rtentry$$00000004)
    __rt_entry_li                            0x080001df   Thumb Code     0  __rtentry2.o(.ARM.Collect$$rtentry$$0000000A)
    __rt_entry_postsh_1                      0x080001df   Thumb Code     0  __rtentry2.o(.ARM.Collect$$rtentry$$00000009)
    __rt_entry_main                          0x080001e3   Thumb Code     0  __rtentry2.o(.ARM.Collect$$rtentry$$0000000D)
    __rt_entry_postli_1                      0x080001e3   Thumb Code     0  __rtentry2.o(.ARM.Collect$$rtentry$$0000000C)
    __rt_exit                                0x080001eb   Thumb Code     0  rtexit.o(.ARM.Collect$$rtexit$$00000000)
    __rt_exit_ls                             0x080001ed   Thumb Code     0  rtexit2.o(.ARM.Collect$$rtexit$$00000003)
    __rt_exit_prels_1                        0x080001ed   Thumb Code     0  rtexit2.o(.ARM.Collect$$rtexit$$00000002)
    __rt_exit_exit                           0x080001f1   Thumb Code     0  rtexit2.o(.ARM.Collect$$rtexit$$00000004)
    Reset_Handler                            0x080001f9   Thumb Code     8  startup_stm32f103xe.o(.text)
    PendSV_Handler                           0x0800020f   Thumb Code     2  startup_stm32f103xe.o(.text)
    SysTick_Handler                          0x08000211   Thumb Code     2  startup_stm32f103xe.o(.text)
    ADC1_2_IRQHandler                        0x08000213   Thumb Code     0  startup_stm32f103xe.o(.text)
    ADC3_IRQHandler                          0x08000213   Thumb Code     0  startup_stm32f103xe.o(.text)
    CAN1_RX1_IRQHandler                      0x08000213   Thumb Code     0  startup_stm32f103xe.o(.text)
    CAN1_SCE_IRQHandler                      0x08000213   Thumb Code     0  startup_stm32f103xe.o(.text)
    DMA1_Channel2_IRQHandler                 0x08000213   Thumb Code     0  startup_stm32f103xe.o(.text)
    DMA1_Channel3_IRQHandler                 0x08000213   Thumb Code     0  startup_stm32f103xe.o(.text)
    DMA1_Channel4_IRQHandler                 0x08000213   Thumb Code     0  startup_stm32f103xe.o(.text)
    DMA1_Channel5_IRQHandler                 0x08000213   Thumb Code     0  startup_stm32f103xe.o(.text)
    DMA1_Channel6_IRQHandler                 0x08000213   Thumb Code     0  startup_stm32f103xe.o(.text)
    DMA1_Channel7_IRQHandler                 0x08000213   Thumb Code     0  startup_stm32f103xe.o(.text)
    DMA2_Channel1_IRQHandler                 0x08000213   Thumb Code     0  startup_stm32f103xe.o(.text)
    DMA2_Channel2_IRQHandler                 0x08000213   Thumb Code     0  startup_stm32f103xe.o(.text)
    DMA2_Channel3_IRQHandler                 0x08000213   Thumb Code     0  startup_stm32f103xe.o(.text)
    DMA2_Channel4_5_IRQHandler               0x08000213   Thumb Code     0  startup_stm32f103xe.o(.text)
    EXTI0_IRQHandler                         0x08000213   Thumb Code     0  startup_stm32f103xe.o(.text)
    EXTI15_10_IRQHandler                     0x08000213   Thumb Code     0  startup_stm32f103xe.o(.text)
    EXTI1_IRQHandler                         0x08000213   Thumb Code     0  startup_stm32f103xe.o(.text)
    EXTI2_IRQHandler                         0x08000213   Thumb Code     0  startup_stm32f103xe.o(.text)
    EXTI3_IRQHandler                         0x08000213   Thumb Code     0  startup_stm32f103xe.o(.text)
    EXTI4_IRQHandler                         0x08000213   Thumb Code     0  startup_stm32f103xe.o(.text)
    EXTI9_5_IRQHandler                       0x08000213   Thumb Code     0  startup_stm32f103xe.o(.text)
    FLASH_IRQHandler                         0x08000213   Thumb Code     0  startup_stm32f103xe.o(.text)
    FSMC_IRQHandler                          0x08000213   Thumb Code     0  startup_stm32f103xe.o(.text)
    I2C1_ER_IRQHandler                       0x08000213   Thumb Code     0  startup_stm32f103xe.o(.text)
    I2C1_EV_IRQHandler                       0x08000213   Thumb Code     0  startup_stm32f103xe.o(.text)
    I2C2_ER_IRQHandler                       0x08000213   Thumb Code     0  startup_stm32f103xe.o(.text)
    I2C2_EV_IRQHandler                       0x08000213   Thumb Code     0  startup_stm32f103xe.o(.text)
    PVD_IRQHandler                           0x08000213   Thumb Code     0  startup_stm32f103xe.o(.text)
    RCC_IRQHandler                           0x08000213   Thumb Code     0  startup_stm32f103xe.o(.text)
    RTC_Alarm_IRQHandler                     0x08000213   Thumb Code     0  startup_stm32f103xe.o(.text)
    RTC_IRQHandler                           0x08000213   Thumb Code     0  startup_stm32f103xe.o(.text)
    SDIO_IRQHandler                          0x08000213   Thumb Code     0  startup_stm32f103xe.o(.text)
    SPI1_IRQHandler                          0x08000213   Thumb Code     0  startup_stm32f103xe.o(.text)
    SPI2_IRQHandler                          0x08000213   Thumb Code     0  startup_stm32f103xe.o(.text)
    SPI3_IRQHandler                          0x08000213   Thumb Code     0  startup_stm32f103xe.o(.text)
    TAMPER_IRQHandler                        0x08000213   Thumb Code     0  startup_stm32f103xe.o(.text)
    TIM1_BRK_IRQHandler                      0x08000213   Thumb Code     0  startup_stm32f103xe.o(.text)
    TIM1_CC_IRQHandler                       0x08000213   Thumb Code     0  startup_stm32f103xe.o(.text)
    TIM1_TRG_COM_IRQHandler                  0x08000213   Thumb Code     0  startup_stm32f103xe.o(.text)
    TIM1_UP_IRQHandler                       0x08000213   Thumb Code     0  startup_stm32f103xe.o(.text)
    TIM2_IRQHandler                          0x08000213   Thumb Code     0  startup_stm32f103xe.o(.text)
    TIM4_IRQHandler                          0x08000213   Thumb Code     0  startup_stm32f103xe.o(.text)
    TIM5_IRQHandler                          0x08000213   Thumb Code     0  startup_stm32f103xe.o(.text)
    TIM6_IRQHandler                          0x08000213   Thumb Code     0  startup_stm32f103xe.o(.text)
    TIM7_IRQHandler                          0x08000213   Thumb Code     0  startup_stm32f103xe.o(.text)
    TIM8_BRK_IRQHandler                      0x08000213   Thumb Code     0  startup_stm32f103xe.o(.text)
    TIM8_CC_IRQHandler                       0x08000213   Thumb Code     0  startup_stm32f103xe.o(.text)
    TIM8_TRG_COM_IRQHandler                  0x08000213   Thumb Code     0  startup_stm32f103xe.o(.text)
    TIM8_UP_IRQHandler                       0x08000213   Thumb Code     0  startup_stm32f103xe.o(.text)
    UART4_IRQHandler                         0x08000213   Thumb Code     0  startup_stm32f103xe.o(.text)
    UART5_IRQHandler                         0x08000213   Thumb Code     0  startup_stm32f103xe.o(.text)
    USART2_IRQHandler                        0x08000213   Thumb Code     0  startup_stm32f103xe.o(.text)
    USBWakeUp_IRQHandler                     0x08000213   Thumb Code     0  startup_stm32f103xe.o(.text)
    USB_HP_CAN1_TX_IRQHandler                0x08000213   Thumb Code     0  startup_stm32f103xe.o(.text)
    USB_LP_CAN1_RX0_IRQHandler               0x08000213   Thumb Code     0  startup_stm32f103xe.o(.text)
    WWDG_IRQHandler                          0x08000213   Thumb Code     0  startup_stm32f103xe.o(.text)
    __user_initial_stackheap                 0x08000215   Thumb Code     0  startup_stm32f103xe.o(.text)
    arm_cmplx_mag_f32                        0x08000239   Thumb Code    80  arm_cmplx_mag_f32.o(.text)
    arm_radix4_butterfly_f32                 0x08000289   Thumb Code   558  arm_cfft_radix4_f32.o(.text)
    arm_radix4_butterfly_inverse_f32         0x080004b7   Thumb Code   900  arm_cfft_radix4_f32.o(.text)
    arm_cfft_radix4_f32                      0x0800083b   Thumb Code    62  arm_cfft_radix4_f32.o(.text)
    arm_cfft_radix4_init_f32                 0x08000879   Thumb Code   142  arm_cfft_radix4_init_f32.o(.text)
    arm_bitreversal_f32                      0x08000921   Thumb Code   174  arm_bitreversal.o(.text)
    arm_bitreversal_q31                      0x080009cf   Thumb Code   170  arm_bitreversal.o(.text)
    arm_bitreversal_q15                      0x08000a79   Thumb Code   122  arm_bitreversal.o(.text)
    __use_no_semihosting                     0x08000af3   Thumb Code     2  use_no_semi_2.o(.text)
    __2printf                                0x08000af5   Thumb Code    20  __2printf.o(.text)
    __2sprintf                               0x08000b0d   Thumb Code    38  __2sprintf.o(.text)
    _printf_str                              0x08000b39   Thumb Code    82  _printf_str.o(.text)
    _printf_int_dec                          0x08000b8d   Thumb Code   104  _printf_dec.o(.text)
    _printf_longlong_hex                     0x08000c05   Thumb Code    86  _printf_hex_int_ll_ptr.o(.text)
    _printf_int_hex                          0x08000c5b   Thumb Code    28  _printf_hex_int_ll_ptr.o(.text)
    _printf_ll_hex                           0x08000c77   Thumb Code    12  _printf_hex_int_ll_ptr.o(.text)
    _printf_hex_ptr                          0x08000c83   Thumb Code    18  _printf_hex_int_ll_ptr.o(.text)
    __printf                                 0x08000c99   Thumb Code   388  __printf_flags_ss_wp.o(.text)
    __aeabi_memcpy4                          0x08000e21   Thumb Code     0  rt_memcpy_w.o(.text)
    __aeabi_memcpy8                          0x08000e21   Thumb Code     0  rt_memcpy_w.o(.text)
    __rt_memcpy_w                            0x08000e21   Thumb Code   100  rt_memcpy_w.o(.text)
    _memcpy_lastbytes_aligned                0x08000e69   Thumb Code     0  rt_memcpy_w.o(.text)
    __aeabi_memclr4                          0x08000e85   Thumb Code     0  rt_memclr_w.o(.text)
    __aeabi_memclr8                          0x08000e85   Thumb Code     0  rt_memclr_w.o(.text)
    __rt_memclr_w                            0x08000e85   Thumb Code    78  rt_memclr_w.o(.text)
    _memset_w                                0x08000e89   Thumb Code     0  rt_memclr_w.o(.text)
    strcmp                                   0x08000ed5   Thumb Code   128  strcmpv7m.o(.text)
    __use_two_region_memory                  0x08000f55   Thumb Code     2  heapauxi.o(.text)
    __rt_heap_escrow$2region                 0x08000f57   Thumb Code     2  heapauxi.o(.text)
    __rt_heap_expand$2region                 0x08000f59   Thumb Code     2  heapauxi.o(.text)
    __semihosting$guard                      0x08000f5b   Thumb Code     0  use_no_semi.o(.text)
    __use_no_semihosting_swi                 0x08000f5b   Thumb Code     2  use_no_semi.o(.text)
    __read_errno                             0x08000f5d   Thumb Code    10  _rserrno.o(.text)
    __set_errno                              0x08000f67   Thumb Code    12  _rserrno.o(.text)
    _printf_int_common                       0x08000f73   Thumb Code   178  _printf_intcommon.o(.text)
    __lib_sel_fp_printf                      0x08001025   Thumb Code     2  _printf_fp_dec.o(.text)
    _printf_fp_dec_real                      0x080011d7   Thumb Code   620  _printf_fp_dec.o(.text)
    _printf_char_common                      0x0800144f   Thumb Code    32  _printf_char_common.o(.text)
    _sputc                                   0x08001475   Thumb Code    10  _sputc.o(.text)
    _printf_cs_common                        0x0800147f   Thumb Code    20  _printf_char.o(.text)
    _printf_char                             0x08001493   Thumb Code    16  _printf_char.o(.text)
    _printf_string                           0x080014a3   Thumb Code     8  _printf_char.o(.text)
    _printf_char_file                        0x080014ad   Thumb Code    32  _printf_char_file.o(.text)
    __rt_locale                              0x080014d1   Thumb Code     8  rt_locale_intlibspace.o(.text)
    __aeabi_errno_addr                       0x080014d9   Thumb Code     8  rt_errno_addr_intlibspace.o(.text)
    __errno$intlibspace                      0x080014d9   Thumb Code     0  rt_errno_addr_intlibspace.o(.text)
    __rt_errno_addr$intlibspace              0x080014d9   Thumb Code     0  rt_errno_addr_intlibspace.o(.text)
    _ll_udiv10                               0x080014e1   Thumb Code   138  lludiv10.o(.text)
    _printf_fp_infnan                        0x0800156d   Thumb Code   112  _printf_fp_infnan.o(.text)
    _btod_etento                             0x080015ed   Thumb Code   224  bigflt0.o(.text)
    ferror                                   0x080016d1   Thumb Code     8  ferror.o(.text)
    __user_libspace                          0x080016d9   Thumb Code     8  libspace.o(.text)
    __user_perproc_libspace                  0x080016d9   Thumb Code     0  libspace.o(.text)
    __user_perthread_libspace                0x080016d9   Thumb Code     0  libspace.o(.text)
    __user_setup_stackheap                   0x080016e1   Thumb Code    74  sys_stackheap_outer.o(.text)
    exit                                     0x0800172b   Thumb Code    18  exit.o(.text)
    _btod_d2e                                0x0800173d   Thumb Code    62  btod.o(CL$$btod_d2e)
    _d2e_denorm_low                          0x0800177b   Thumb Code    70  btod.o(CL$$btod_d2e_denorm_low)
    _d2e_norm_op1                            0x080017c1   Thumb Code    96  btod.o(CL$$btod_d2e_norm_op1)
    __btod_div_common                        0x08001821   Thumb Code   696  btod.o(CL$$btod_div_common)
    _e2e                                     0x08001b59   Thumb Code   220  btod.o(CL$$btod_e2e)
    _btod_ediv                               0x08001c35   Thumb Code    42  btod.o(CL$$btod_ediv)
    _btod_emul                               0x08001c5f   Thumb Code    42  btod.o(CL$$btod_emul)
    __btod_mult_common                       0x08001c89   Thumb Code   580  btod.o(CL$$btod_mult_common)
    ADC_ConversionStop_Disable               0x08001ecd   Thumb Code    82  stm32f1xx_hal_adc.o(i.ADC_ConversionStop_Disable)
    ADC_DMAConvCplt                          0x08001f1f   Thumb Code    82  stm32f1xx_hal_adc.o(i.ADC_DMAConvCplt)
    ADC_DMAError                             0x08001f71   Thumb Code    30  stm32f1xx_hal_adc.o(i.ADC_DMAError)
    ADC_DMAHalfConvCplt                      0x08001f8f   Thumb Code    14  stm32f1xx_hal_adc.o(i.ADC_DMAHalfConvCplt)
    ADC_Enable                               0x08001f9d   Thumb Code   122  stm32f1xx_hal_adc.o(i.ADC_Enable)
    BusFault_Handler                         0x08002021   Thumb Code     4  stm32f1xx_it.o(i.BusFault_Handler)
    DMA1_Channel1_IRQHandler                 0x08002025   Thumb Code    34  adc.o(i.DMA1_Channel1_IRQHandler)
    DebugMon_Handler                         0x0800207d   Thumb Code     2  stm32f1xx_it.o(i.DebugMon_Handler)
    FSMC_NORSRAM_Extended_Timing_Init        0x08002081   Thumb Code    62  stm32f1xx_ll_fsmc.o(i.FSMC_NORSRAM_Extended_Timing_Init)
    FSMC_NORSRAM_Init                        0x080020c5   Thumb Code   116  stm32f1xx_ll_fsmc.o(i.FSMC_NORSRAM_Init)
    FSMC_NORSRAM_Timing_Init                 0x0800213d   Thumb Code    66  stm32f1xx_ll_fsmc.o(i.FSMC_NORSRAM_Timing_Init)
    HAL_ADCEx_Calibration_Start              0x08002181   Thumb Code   256  stm32f1xx_hal_adc_ex.o(i.HAL_ADCEx_Calibration_Start)
    HAL_ADC_ConfigChannel                    0x08002285   Thumb Code   338  stm32f1xx_hal_adc.o(i.HAL_ADC_ConfigChannel)
    HAL_ADC_ConvCpltCallback                 0x080023e5   Thumb Code     2  stm32f1xx_hal_adc.o(i.HAL_ADC_ConvCpltCallback)
    HAL_ADC_ConvHalfCpltCallback             0x080023e7   Thumb Code     2  stm32f1xx_hal_adc.o(i.HAL_ADC_ConvHalfCpltCallback)
    HAL_ADC_ErrorCallback                    0x080023e9   Thumb Code     2  stm32f1xx_hal_adc.o(i.HAL_ADC_ErrorCallback)
    HAL_ADC_Init                             0x080023ed   Thumb Code   340  stm32f1xx_hal_adc.o(i.HAL_ADC_Init)
    HAL_ADC_MspInit                          0x0800254d   Thumb Code   120  adc.o(i.HAL_ADC_MspInit)
    HAL_ADC_Start_DMA                        0x080025d1   Thumb Code   362  stm32f1xx_hal_adc.o(i.HAL_ADC_Start_DMA)
    HAL_DMA_Abort_IT                         0x08002751   Thumb Code   414  stm32f1xx_hal_dma.o(i.HAL_DMA_Abort_IT)
    HAL_DMA_Init                             0x080028f9   Thumb Code   132  stm32f1xx_hal_dma.o(i.HAL_DMA_Init)
    HAL_DMA_Start_IT                         0x08002985   Thumb Code   156  stm32f1xx_hal_dma.o(i.HAL_DMA_Start_IT)
    HAL_GPIO_Init                            0x08002a21   Thumb Code   792  stm32f1xx_hal_gpio.o(i.HAL_GPIO_Init)
    HAL_GPIO_ReadPin                         0x08002d61   Thumb Code    16  stm32f1xx_hal_gpio.o(i.HAL_GPIO_ReadPin)
    HAL_GPIO_WritePin                        0x08002d71   Thumb Code    12  stm32f1xx_hal_gpio.o(i.HAL_GPIO_WritePin)
    HAL_GetTick                              0x08002d7d   Thumb Code     6  stm32f1xx_hal.o(i.HAL_GetTick)
    HAL_Init                                 0x08002d89   Thumb Code    34  stm32f1xx_hal.o(i.HAL_Init)
    HAL_InitTick                             0x08002db1   Thumb Code    64  stm32f1xx_hal.o(i.HAL_InitTick)
    HAL_MspInit                              0x08002dfd   Thumb Code     2  stm32f1xx_hal.o(i.HAL_MspInit)
    HAL_NVIC_EnableIRQ                       0x08002dff   Thumb Code    32  stm32f1xx_hal_cortex.o(i.HAL_NVIC_EnableIRQ)
    HAL_NVIC_SetPriority                     0x08002e1f   Thumb Code   124  stm32f1xx_hal_cortex.o(i.HAL_NVIC_SetPriority)
    HAL_NVIC_SetPriorityGrouping             0x08002e9d   Thumb Code    32  stm32f1xx_hal_cortex.o(i.HAL_NVIC_SetPriorityGrouping)
    HAL_RCCEx_GetPeriphCLKFreq               0x08002ec5   Thumb Code   276  stm32f1xx_hal_rcc_ex.o(i.HAL_RCCEx_GetPeriphCLKFreq)
    HAL_RCCEx_PeriphCLKConfig                0x08002ff9   Thumb Code   290  stm32f1xx_hal_rcc_ex.o(i.HAL_RCCEx_PeriphCLKConfig)
    HAL_RCC_ClockConfig                      0x08003129   Thumb Code   376  stm32f1xx_hal_rcc.o(i.HAL_RCC_ClockConfig)
    HAL_RCC_GetHCLKFreq                      0x080032b5   Thumb Code     6  stm32f1xx_hal_rcc.o(i.HAL_RCC_GetHCLKFreq)
    HAL_RCC_GetPCLK1Freq                     0x080032c1   Thumb Code    22  stm32f1xx_hal_rcc.o(i.HAL_RCC_GetPCLK1Freq)
    HAL_RCC_GetPCLK2Freq                     0x080032e1   Thumb Code    22  stm32f1xx_hal_rcc.o(i.HAL_RCC_GetPCLK2Freq)
    HAL_RCC_GetSysClockFreq                  0x08003301   Thumb Code   116  stm32f1xx_hal_rcc.o(i.HAL_RCC_GetSysClockFreq)
    HAL_RCC_OscConfig                        0x08003395   Thumb Code  1114  stm32f1xx_hal_rcc.o(i.HAL_RCC_OscConfig)
    HAL_SRAM_Init                            0x080037f9   Thumb Code   102  stm32f1xx_hal_sram.o(i.HAL_SRAM_Init)
    HAL_SRAM_MspInit                         0x08003861   Thumb Code   130  lcd_1.o(i.HAL_SRAM_MspInit)
    HAL_SYSTICK_CLKSourceConfig              0x080038f1   Thumb Code    40  stm32f1xx_hal_cortex.o(i.HAL_SYSTICK_CLKSourceConfig)
    HAL_SYSTICK_Config                       0x08003919   Thumb Code    52  stm32f1xx_hal_cortex.o(i.HAL_SYSTICK_Config)
    HAL_TIM_Base_Init                        0x0800394d   Thumb Code   102  stm32f1xx_hal_tim.o(i.HAL_TIM_Base_Init)
    HAL_TIM_Base_MspInit                     0x080039b3   Thumb Code     2  stm32f1xx_hal_tim.o(i.HAL_TIM_Base_MspInit)
    HAL_TIM_Base_Start_IT                    0x080039b5   Thumb Code   122  stm32f1xx_hal_tim.o(i.HAL_TIM_Base_Start_IT)
    HAL_UART_ErrorCallback                   0x08003a45   Thumb Code     2  stm32f1xx_hal_uart.o(i.HAL_UART_ErrorCallback)
    HAL_UART_IRQHandler                      0x08003a49   Thumb Code   334  stm32f1xx_hal_uart.o(i.HAL_UART_IRQHandler)
    HAL_UART_Init                            0x08003b9d   Thumb Code   114  stm32f1xx_hal_uart.o(i.HAL_UART_Init)
    HAL_UART_MspInit                         0x08003c11   Thumb Code   358  usart.o(i.HAL_UART_MspInit)
    HAL_UART_Receive                         0x08003d8d   Thumb Code   216  stm32f1xx_hal_uart.o(i.HAL_UART_Receive)
    HAL_UART_Receive_IT                      0x08003e65   Thumb Code   112  stm32f1xx_hal_uart.o(i.HAL_UART_Receive_IT)
    HAL_UART_RxCpltCallback                  0x08003ed5   Thumb Code   120  usart.o(i.HAL_UART_RxCpltCallback)
    HAL_UART_TxCpltCallback                  0x08003f5d   Thumb Code     2  stm32f1xx_hal_uart.o(i.HAL_UART_TxCpltCallback)
    HardFault_Handler                        0x08003f5f   Thumb Code     4  stm32f1xx_it.o(i.HardFault_Handler)
    MemManage_Handler                        0x08003f63   Thumb Code     4  stm32f1xx_it.o(i.MemManage_Handler)
    NMI_Handler                              0x08003f67   Thumb Code     2  stm32f1xx_it.o(i.NMI_Handler)
    SVC_Handler                              0x08003f91   Thumb Code     2  stm32f1xx_it.o(i.SVC_Handler)
    SystemInit                               0x08003f93   Thumb Code     2  system_stm32f1xx.o(i.SystemInit)
    TIM3_IRQHandler                          0x08003f95   Thumb Code   146  gtim.o(i.TIM3_IRQHandler)
    TIM_Base_SetConfig                       0x08004045   Thumb Code   134  stm32f1xx_hal_tim.o(i.TIM_Base_SetConfig)
    USART1_IRQHandler                        0x0800439d   Thumb Code    26  usart.o(i.USART1_IRQHandler)
    USART3_IRQHandler                        0x080043c1   Thumb Code   252  atk_mw8266d_uart.o(i.USART3_IRQHandler)
    UsageFault_Handler                       0x080044c5   Thumb Code     4  stm32f1xx_it.o(i.UsageFault_Handler)
    __ARM_fpclassify                         0x080044c9   Thumb Code    40  fpclassify.o(i.__ARM_fpclassify)
    _is_digit                                0x08004529   Thumb Code    14  __printf_wp.o(i._is_digit)
    _sys_exit                                0x08004537   Thumb Code     4  usart.o(i._sys_exit)
    adc_dma_enable                           0x0800453d   Thumb Code    76  adc.o(i.adc_dma_enable)
    adc_dma_init                             0x08004591   Thumb Code   300  adc.o(i.adc_dma_init)
    at24cxx_init                             0x080046d5   Thumb Code     8  24cxx.o(i.at24cxx_init)
    at24cxx_read                             0x080046dd   Thumb Code    36  24cxx.o(i.at24cxx_read)
    at24cxx_read_one_byte                    0x08004701   Thumb Code    82  24cxx.o(i.at24cxx_read_one_byte)
    at24cxx_write                            0x08004753   Thumb Code    36  24cxx.o(i.at24cxx_write)
    at24cxx_write_one_byte                   0x08004777   Thumb Code    74  24cxx.o(i.at24cxx_write_one_byte)
    clear                                    0x080047c1   Thumb Code    80  lcd.o(i.clear)
    ct_iic_ack                               0x08004819   Thumb Code    78  ctiic.o(i.ct_iic_ack)
    ct_iic_init                              0x0800487d   Thumb Code   114  ctiic.o(i.ct_iic_init)
    ct_iic_nack                              0x080048fd   Thumb Code    58  ctiic.o(i.ct_iic_nack)
    ct_iic_read_byte                         0x08004941   Thumb Code    90  ctiic.o(i.ct_iic_read_byte)
    ct_iic_send_byte                         0x080049a5   Thumb Code   104  ctiic.o(i.ct_iic_send_byte)
    ct_iic_start                             0x08004a15   Thumb Code    74  ctiic.o(i.ct_iic_start)
    ct_iic_stop                              0x08004a69   Thumb Code    60  ctiic.o(i.ct_iic_stop)
    ct_iic_wait_ack                          0x08004aad   Thumb Code   102  ctiic.o(i.ct_iic_wait_ack)
    ctp_init                                 0x08004b1d   Thumb Code    10  touch.o(i.ctp_init)
    ctp_scan                                 0x08004b2d   Thumb Code   178  touch.o(i.ctp_scan)
    delay_init                               0x08004bf1   Thumb Code    34  delay.o(i.delay_init)
    delay_ms                                 0x08004c19   Thumb Code    50  delay.o(i.delay_ms)
    delay_us                                 0x08004c51   Thumb Code    72  delay.o(i.delay_us)
    dist                                     0x08004c9d   Thumb Code    40  touch.o(i.dist)
    fputc                                    0x08004cc5   Thumb Code    24  usart.o(i.fputc)
    ft5206_init                              0x08004ce1   Thumb Code   298  ft5206.o(i.ft5206_init)
    ft5206_rd_reg                            0x08004e21   Thumb Code    88  ft5206.o(i.ft5206_rd_reg)
    ft5206_scan                              0x08004e79   Thumb Code   404  ft5206.o(i.ft5206_scan)
    ft5206_wr_reg                            0x0800501d   Thumb Code    82  ft5206.o(i.ft5206_wr_reg)
    gt9xxx_init                              0x08005071   Thumb Code   324  gt9xxx.o(i.gt9xxx_init)
    gt9xxx_rd_reg                            0x080051e9   Thumb Code    98  gt9xxx.o(i.gt9xxx_rd_reg)
    gt9xxx_scan                              0x0800524d   Thumb Code   732  gt9xxx.o(i.gt9xxx_scan)
    gt9xxx_wr_reg                            0x0800553d   Thumb Code    92  gt9xxx.o(i.gt9xxx_wr_reg)
    gtim_timx_int_init                       0x08005599   Thumb Code    82  gtim.o(i.gtim_timx_int_init)
    iic_ack                                  0x080055f9   Thumb Code    76  myiic.o(i.iic_ack)
    iic_init                                 0x08005655   Thumb Code   112  myiic.o(i.iic_init)
    iic_nack                                 0x080056cd   Thumb Code    58  myiic.o(i.iic_nack)
    iic_read_byte                            0x0800570d   Thumb Code    88  myiic.o(i.iic_read_byte)
    iic_send_byte                            0x08005769   Thumb Code   102  myiic.o(i.iic_send_byte)
    iic_start                                0x080057d5   Thumb Code    72  myiic.o(i.iic_start)
    iic_stop                                 0x08005821   Thumb Code    58  myiic.o(i.iic_stop)
    iic_wait_ack                             0x08005861   Thumb Code    96  myiic.o(i.iic_wait_ack)
    lcd_buttons_init                         0x080058c5   Thumb Code   200  lcd.o(i.lcd_buttons_init)
    lcd_char_init                            0x0800598d   Thumb Code   678  lcd.o(i.lcd_char_init)
    lcd_clear                                0x08005c89   Thumb Code    42  lcd_1.o(i.lcd_clear)
    lcd_display_dir                          0x08005cbd   Thumb Code   360  lcd_1.o(i.lcd_display_dir)
    lcd_draw_circle                          0x08005e29   Thumb Code   106  lcd_1.o(i.lcd_draw_circle)
    lcd_draw_line                            0x08005e93   Thumb Code   172  lcd_1.o(i.lcd_draw_line)
    lcd_draw_point                           0x08005f41   Thumb Code    26  lcd_1.o(i.lcd_draw_point)
    lcd_draw_rectangle                       0x08005f61   Thumb Code   106  lcd_1.o(i.lcd_draw_rectangle)
    lcd_ex_ili9341_reginit                   0x08005fcb   Thumb Code   556  lcd_1.o(i.lcd_ex_ili9341_reginit)
    lcd_ex_ili9806_reginit                   0x080061f7   Thumb Code   832  lcd_1.o(i.lcd_ex_ili9806_reginit)
    lcd_ex_nt35310_reginit                   0x08006537   Thumb Code  3826  lcd_1.o(i.lcd_ex_nt35310_reginit)
    lcd_ex_nt35510_reginit                   0x08007429   Thumb Code  3836  lcd_1.o(i.lcd_ex_nt35510_reginit)
    lcd_ex_ssd1963_reginit                   0x08008325   Thumb Code   366  lcd_1.o(i.lcd_ex_ssd1963_reginit)
    lcd_ex_st7789_reginit                    0x08008493   Thumb Code   424  lcd_1.o(i.lcd_ex_st7789_reginit)
    lcd_ex_st7796_reginit                    0x0800863b   Thumb Code   454  lcd_1.o(i.lcd_ex_st7796_reginit)
    lcd_fill                                 0x08008801   Thumb Code    80  lcd_1.o(i.lcd_fill)
    lcd_init                                 0x08008855   Thumb Code  1120  lcd_1.o(i.lcd_init)
    lcd_logo_init                            0x08008cbd   Thumb Code    98  lcd.o(i.lcd_logo_init)
    lcd_note_init                            0x08008d2d   Thumb Code   202  lcd.o(i.lcd_note_init)
    lcd_note_press                           0x08008dfd   Thumb Code    94  lcd.o(i.lcd_note_press)
    lcd_scan_dir                             0x08008e89   Thumb Code   568  lcd_1.o(i.lcd_scan_dir)
    lcd_sections_init                        0x080090c5   Thumb Code    46  lcd.o(i.lcd_sections_init)
    lcd_set_cursor                           0x080090f5   Thumb Code   282  lcd_1.o(i.lcd_set_cursor)
    lcd_show_char                            0x08009215   Thumb Code   276  lcd_1.o(i.lcd_show_char)
    lcd_show_string                          0x0800933d   Thumb Code   106  lcd_1.o(i.lcd_show_string)
    lcd_spectrum_init                        0x080093a9   Thumb Code    92  lcd.o(i.lcd_spectrum_init)
    lcd_spectrum_set_height                  0x08009415   Thumb Code    94  lcd.o(i.lcd_spectrum_set_height)
    lcd_ssd_backlight_set                    0x08009485   Thumb Code    80  lcd_1.o(i.lcd_ssd_backlight_set)
    lcd_stave_init                           0x080094d9   Thumb Code   310  lcd.o(i.lcd_stave_init)
    lcd_stave_line                           0x08009625   Thumb Code   214  lcd.o(i.lcd_stave_line)
    lcd_stave_note                           0x0800970d   Thumb Code    66  lcd.o(i.lcd_stave_note)
    lcd_stave_update                         0x08009759   Thumb Code   174  lcd.o(i.lcd_stave_update)
    lcd_wr_data                              0x08009811   Thumb Code    18  lcd_1.o(i.lcd_wr_data)
    lcd_wr_regno                             0x08009829   Thumb Code    18  lcd_1.o(i.lcd_wr_regno)
    lcd_write_ram_prepare                    0x08009841   Thumb Code    10  lcd_1.o(i.lcd_write_ram_prepare)
    lcd_write_reg                            0x08009855   Thumb Code    10  lcd_1.o(i.lcd_write_reg)
    led_init                                 0x08009865   Thumb Code   132  led.o(i.led_init)
    main                                     0x080098f5   Thumb Code   496  main.o(i.main)
    search_notes                             0x08009b09   Thumb Code   502  main.o(i.search_notes)
    sqrt                                     0x08009d19   Thumb Code    76  sqrt.o(i.sqrt)
    sqrtf                                    0x08009d65   Thumb Code    44  sqrtf.o(i.sqrtf)
    start                                    0x08009d91   Thumb Code     8  lcd.o(i.start)
    stop                                     0x08009d9d   Thumb Code     8  lcd.o(i.stop)
    sys_stm32_clock_init                     0x08009da9   Thumb Code    86  sys.o(i.sys_stm32_clock_init)
    tp_adjust                                0x08009e01   Thumb Code   960  touch_1.o(i.tp_adjust)
    tp_get_adjust_data                       0x0800a3b1   Thumb Code    36  touch_1.o(i.tp_get_adjust_data)
    tp_init                                  0x0800a3d9   Thumb Code   534  touch_1.o(i.tp_init)
    tp_save_adjust_data                      0x0800a851   Thumb Code    24  touch_1.o(i.tp_save_adjust_data)
    tp_scan                                  0x0800a86d   Thumb Code   292  touch_1.o(i.tp_scan)
    usart_init                               0x0800aa05   Thumb Code    44  usart.o(i.usart_init)
    _get_lc_numeric                          0x0800aa3d   Thumb Code    44  lc_numeric_c.o(locale$$code)
    __aeabi_d2f                              0x0800aa69   Thumb Code     0  d2f.o(x$fpl$d2f)
    _d2f                                     0x0800aa69   Thumb Code    98  d2f.o(x$fpl$d2f)
    __aeabi_dadd                             0x0800aacd   Thumb Code     0  daddsub_clz.o(x$fpl$dadd)
    _dadd                                    0x0800aacd   Thumb Code   332  daddsub_clz.o(x$fpl$dadd)
    __fpl_dcmp_Inf                           0x0800ac1d   Thumb Code    24  dcmpi.o(x$fpl$dcmpinf)
    __aeabi_ddiv                             0x0800ac35   Thumb Code     0  ddiv.o(x$fpl$ddiv)
    _ddiv                                    0x0800ac35   Thumb Code   552  ddiv.o(x$fpl$ddiv)
    __aeabi_d2uiz                            0x0800aee5   Thumb Code     0  dfixu.o(x$fpl$dfixu)
    _dfixu                                   0x0800aee5   Thumb Code    90  dfixu.o(x$fpl$dfixu)
    __aeabi_i2d                              0x0800af3f   Thumb Code     0  dflt_clz.o(x$fpl$dflt)
    _dflt                                    0x0800af3f   Thumb Code    46  dflt_clz.o(x$fpl$dflt)
    __aeabi_ui2d                             0x0800af6d   Thumb Code     0  dflt_clz.o(x$fpl$dfltu)
    _dfltu                                   0x0800af6d   Thumb Code    38  dflt_clz.o(x$fpl$dfltu)
    __aeabi_cdcmple                          0x0800af95   Thumb Code     0  dleqf.o(x$fpl$dleqf)
    _dcmple                                  0x0800af95   Thumb Code   120  dleqf.o(x$fpl$dleqf)
    __fpl_dcmple_InfNaN                      0x0800aff7   Thumb Code     0  dleqf.o(x$fpl$dleqf)
    __aeabi_dmul                             0x0800b00d   Thumb Code     0  dmul.o(x$fpl$dmul)
    _dmul                                    0x0800b00d   Thumb Code   332  dmul.o(x$fpl$dmul)
    __fpl_dnaninf                            0x0800b161   Thumb Code   156  dnaninf.o(x$fpl$dnaninf)
    __fpl_dretinf                            0x0800b1fd   Thumb Code    12  dretinf.o(x$fpl$dretinf)
    __aeabi_cdrcmple                         0x0800b209   Thumb Code     0  drleqf.o(x$fpl$drleqf)
    _drcmple                                 0x0800b209   Thumb Code   108  drleqf.o(x$fpl$drleqf)
    _dsqrt                                   0x0800b275   Thumb Code   456  dsqrt_noumaal.o(x$fpl$dsqrt)
    __aeabi_dsub                             0x0800b441   Thumb Code     0  daddsub_clz.o(x$fpl$dsub)
    _dsub                                    0x0800b441   Thumb Code   464  daddsub_clz.o(x$fpl$dsub)
    __aeabi_fadd                             0x0800b615   Thumb Code     0  faddsub_clz.o(x$fpl$fadd)
    _fadd                                    0x0800b615   Thumb Code   196  faddsub_clz.o(x$fpl$fadd)
    __fpl_fcmp_Inf                           0x0800b6d9   Thumb Code    24  fcmpi.o(x$fpl$fcmpinf)
    __aeabi_fdiv                             0x0800b6f1   Thumb Code     0  fdiv.o(x$fpl$fdiv)
    _fdiv                                    0x0800b6f1   Thumb Code   384  fdiv.o(x$fpl$fdiv)
    __aeabi_f2iz                             0x0800b875   Thumb Code     0  ffix.o(x$fpl$ffix)
    _ffix                                    0x0800b875   Thumb Code    54  ffix.o(x$fpl$ffix)
    __aeabi_f2uiz                            0x0800b8ad   Thumb Code     0  ffixu.o(x$fpl$ffixu)
    _ffixu                                   0x0800b8ad   Thumb Code    62  ffixu.o(x$fpl$ffixu)
    __aeabi_i2f                              0x0800b8ed   Thumb Code     0  fflt_clz.o(x$fpl$fflt)
    _fflt                                    0x0800b8ed   Thumb Code    48  fflt_clz.o(x$fpl$fflt)
    __aeabi_cfcmple                          0x0800b91d   Thumb Code     0  fleqf.o(x$fpl$fleqf)
    _fcmple                                  0x0800b91d   Thumb Code   104  fleqf.o(x$fpl$fleqf)
    __fpl_fcmple_InfNaN                      0x0800b96f   Thumb Code     0  fleqf.o(x$fpl$fleqf)
    __aeabi_fmul                             0x0800b985   Thumb Code     0  fmul.o(x$fpl$fmul)
    _fmul                                    0x0800b985   Thumb Code   258  fmul.o(x$fpl$fmul)
    __fpl_fnaninf                            0x0800ba87   Thumb Code   140  fnaninf.o(x$fpl$fnaninf)
    __fpl_fretinf                            0x0800bb13   Thumb Code    10  fretinf.o(x$fpl$fretinf)
    __aeabi_cfrcmple                         0x0800bb1d   Thumb Code     0  frleqf.o(x$fpl$frleqf)
    _frcmple                                 0x0800bb1d   Thumb Code    98  frleqf.o(x$fpl$frleqf)
    __aeabi_frsub                            0x0800bb7f   Thumb Code     0  faddsub_clz.o(x$fpl$frsb)
    _frsb                                    0x0800bb7f   Thumb Code    20  faddsub_clz.o(x$fpl$frsb)
    _fsqrt                                   0x0800bb95   Thumb Code   272  fsqrt.o(x$fpl$fsqrt)
    __aeabi_fsub                             0x0800bca5   Thumb Code     0  faddsub_clz.o(x$fpl$fsub)
    _fsub                                    0x0800bca5   Thumb Code   234  faddsub_clz.o(x$fpl$fsub)
    _printf_fp_dec                           0x0800bd8f   Thumb Code     4  printf1.o(x$fpl$printf1)
    AHBPrescTable                            0x0800bd92   Data          16  system_stm32f1xx.o(.constdata)
    __I$use$fp                               0x0800bd92   Number         0  usenofp.o(x$fpl$usenofp)
    APBPrescTable                            0x0800bda2   Data           8  system_stm32f1xx.o(.constdata)
    asc2_1206                                0x0800c13c   Data        1140  lcd_1.o(.constdata)
    asc2_1608                                0x0800c5b0   Data        1520  lcd_1.o(.constdata)
    asc2_2412                                0x0800cba0   Data        3420  lcd_1.o(.constdata)
    asc2_3216                                0x0800d8fc   Data        6080  lcd_1.o(.constdata)
    FT5206_TPX_TBL                           0x0800f0bc   Data          10  ft5206.o(.constdata)
    GT9XXX_TPX_TBL                           0x0800f0c6   Data          20  gt9xxx.o(.constdata)
    TP_REMIND_MSG_TBL                        0x0800f0dc   Data           4  touch_1.o(.constdata)
    armBitRevTable                           0x0800f0e0   Data        2048  arm_common_tables.o(.constdata)
    twiddleCoef_4096                         0x0800f8e0   Data       32768  arm_common_tables.o(.constdata)
    Region$$Table$$Base                      0x0801961c   Number         0  anon$$obj.o(Region$$Table)
    Region$$Table$$Limit                     0x0801963c   Number         0  anon$$obj.o(Region$$Table)
    SystemCoreClock                          0x20000000   Data           4  system_stm32f1xx.o(.data)
    bar_color                                0x20000004   Data          84  lcd.o(.data)
    pitch_color                              0x20000058   Data          52  lcd.o(.data)
    sta                                      0x2000008c   Data           4  lcd.o(.data)
    state                                    0x20000090   Data           4  touch.o(.data)
    __stdout                                 0x20000098   Data           4  usart.o(.data)
    g_usart_rx_sta                           0x2000009c   Data           2  usart.o(.data)
    g_rx_buffer                              0x2000009e   Data           1  usart.o(.data)
    uwTick                                   0x200000a0   Data           4  stm32f1xx_hal.o(.data)
    uwTickPrio                               0x200000a4   Data           4  stm32f1xx_hal.o(.data)
    uwTickFreq                               0x200000a8   Data           1  stm32f1xx_hal.o(.data)
    g_adc_dma_sta                            0x200000a9   Data           1  adc.o(.data)
    adc_buf                                  0x200000ac   Data           2  gtim.o(.data)
    cnt                                      0x200000b0   Data           4  gtim.o(.data)
    g_gt_tnum                                0x200000b5   Data           1  gt9xxx.o(.data)
    tp_dev                                   0x200000b8   Data          72  touch_1.o(.data)
    scfft                                    0x20000100   Data          20  main.o(.bss)
    fft_out                                  0x20000114   Data        4096  main.o(.bss)
    y_start                                  0x20001114   Data          84  lcd.o(.bss)
    y_end                                    0x20001168   Data          84  lcd.o(.bss)
    bar_heights                              0x200011bc   Data          84  lcd.o(.bss)
    stave                                    0x20001210   Data         975  lcd.o(.bss)
    stave_colored                            0x200015df   Data         975  lcd.o(.bss)
    x_start                                  0x200019b0   Data          52  lcd.o(.bss)
    x_end                                    0x200019e4   Data          52  lcd.o(.bss)
    note_stamp                               0x20001a18   Data          56  lcd.o(.bss)
    note_pos                                 0x20001a50   Data          28  lcd.o(.bss)
    g_usart_rx_buf                           0x20001a6c   Data         200  usart.o(.bss)
    g_uart1_handle                           0x20001b34   Data          64  usart.o(.bss)
    g_sram_handle                            0x20001b74   Data          72  lcd_1.o(.bss)
    lcddev                                   0x20001bbc   Data          14  lcd_1.o(.bss)
    g_adc_handle                             0x20001cd0   Data          48  adc.o(.bss)
    g_dma_adc_handle                         0x20001d00   Data          68  adc.o(.bss)
    g_adc_dma_handle                         0x20001d44   Data          48  adc.o(.bss)
    g_timx_handle                            0x20001d74   Data          72  gtim.o(.bss)
    fft_in                                   0x20001dbc   Data        8192  gtim.o(.bss)
    __libspace_start                         0x20003dbc   Data          96  libspace.o(.bss)
    __temporary_stack_top$libspace           0x20003e1c   Data           0  libspace.o(.bss)



==============================================================================

Memory Map of the image

  Image Entry point : 0x08000131

  Load Region LR_IROM1 (Base: 0x08000000, Size: 0x00019758, Max: 0x00080000, ABSOLUTE)

    Execution Region ER_IROM1 (Exec base: 0x08000000, Load base: 0x08000000, Size: 0x00019658, Max: 0x00080000, ABSOLUTE)

    Exec Addr    Load Addr    Size         Type   Attr      Idx    E Section Name        Object

    0x08000000   0x08000000   0x00000130   Data   RO            3    RESET               startup_stm32f103xe.o
    0x08000130   0x08000130   0x00000008   Code   RO         5062  * !!!main             c_w.l(__main.o)
    0x08000138   0x08000138   0x00000034   Code   RO         5427    !!!scatter          c_w.l(__scatter.o)
    0x0800016c   0x0800016c   0x0000001a   Code   RO         5429    !!handler_copy      c_w.l(__scatter_copy.o)
    0x08000186   0x08000186   0x00000002   PAD
    0x08000188   0x08000188   0x0000001c   Code   RO         5431    !!handler_zi        c_w.l(__scatter_zi.o)
    0x080001a4   0x080001a4   0x00000000   Code   RO         5049    .ARM.Collect$$_printf_percent$$00000000  c_w.l(_printf_percent.o)
    0x080001a4   0x080001a4   0x00000006   Code   RO         5048    .ARM.Collect$$_printf_percent$$00000003  c_w.l(_printf_f.o)
    0x080001aa   0x080001aa   0x00000006   Code   RO         5047    .ARM.Collect$$_printf_percent$$00000009  c_w.l(_printf_d.o)
    0x080001b0   0x080001b0   0x00000006   Code   RO         5046    .ARM.Collect$$_printf_percent$$0000000C  c_w.l(_printf_x.o)
    0x080001b6   0x080001b6   0x00000006   Code   RO         5045    .ARM.Collect$$_printf_percent$$00000014  c_w.l(_printf_s.o)
    0x080001bc   0x080001bc   0x00000004   Code   RO         5183    .ARM.Collect$$_printf_percent$$00000017  c_w.l(_printf_percent_end.o)
    0x080001c0   0x080001c0   0x00000002   Code   RO         5304    .ARM.Collect$$libinit$$00000000  c_w.l(libinit.o)
    0x080001c2   0x080001c2   0x00000000   Code   RO         5306    .ARM.Collect$$libinit$$00000002  c_w.l(libinit2.o)
    0x080001c2   0x080001c2   0x00000000   Code   RO         5308    .ARM.Collect$$libinit$$00000004  c_w.l(libinit2.o)
    0x080001c2   0x080001c2   0x00000000   Code   RO         5311    .ARM.Collect$$libinit$$0000000A  c_w.l(libinit2.o)
    0x080001c2   0x080001c2   0x00000000   Code   RO         5313    .ARM.Collect$$libinit$$0000000C  c_w.l(libinit2.o)
    0x080001c2   0x080001c2   0x00000000   Code   RO         5315    .ARM.Collect$$libinit$$0000000E  c_w.l(libinit2.o)
    0x080001c2   0x080001c2   0x00000006   Code   RO         5316    .ARM.Collect$$libinit$$0000000F  c_w.l(libinit2.o)
    0x080001c8   0x080001c8   0x00000000   Code   RO         5318    .ARM.Collect$$libinit$$00000011  c_w.l(libinit2.o)
    0x080001c8   0x080001c8   0x00000000   Code   RO         5320    .ARM.Collect$$libinit$$00000013  c_w.l(libinit2.o)
    0x080001c8   0x080001c8   0x00000000   Code   RO         5322    .ARM.Collect$$libinit$$00000015  c_w.l(libinit2.o)
    0x080001c8   0x080001c8   0x0000000a   Code   RO         5323    .ARM.Collect$$libinit$$00000016  c_w.l(libinit2.o)
    0x080001d2   0x080001d2   0x00000000   Code   RO         5324    .ARM.Collect$$libinit$$00000017  c_w.l(libinit2.o)
    0x080001d2   0x080001d2   0x00000000   Code   RO         5326    .ARM.Collect$$libinit$$00000019  c_w.l(libinit2.o)
    0x080001d2   0x080001d2   0x00000000   Code   RO         5328    .ARM.Collect$$libinit$$0000001B  c_w.l(libinit2.o)
    0x080001d2   0x080001d2   0x00000000   Code   RO         5330    .ARM.Collect$$libinit$$0000001D  c_w.l(libinit2.o)
    0x080001d2   0x080001d2   0x00000000   Code   RO         5332    .ARM.Collect$$libinit$$0000001F  c_w.l(libinit2.o)
    0x080001d2   0x080001d2   0x00000000   Code   RO         5334    .ARM.Collect$$libinit$$00000021  c_w.l(libinit2.o)
    0x080001d2   0x080001d2   0x00000000   Code   RO         5336    .ARM.Collect$$libinit$$00000023  c_w.l(libinit2.o)
    0x080001d2   0x080001d2   0x00000000   Code   RO         5338    .ARM.Collect$$libinit$$00000025  c_w.l(libinit2.o)
    0x080001d2   0x080001d2   0x00000000   Code   RO         5342    .ARM.Collect$$libinit$$0000002C  c_w.l(libinit2.o)
    0x080001d2   0x080001d2   0x00000000   Code   RO         5344    .ARM.Collect$$libinit$$0000002E  c_w.l(libinit2.o)
    0x080001d2   0x080001d2   0x00000000   Code   RO         5346    .ARM.Collect$$libinit$$00000030  c_w.l(libinit2.o)
    0x080001d2   0x080001d2   0x00000000   Code   RO         5348    .ARM.Collect$$libinit$$00000032  c_w.l(libinit2.o)
    0x080001d2   0x080001d2   0x00000002   Code   RO         5349    .ARM.Collect$$libinit$$00000033  c_w.l(libinit2.o)
    0x080001d4   0x080001d4   0x00000002   Code   RO         5378    .ARM.Collect$$libshutdown$$00000000  c_w.l(libshutdown.o)
    0x080001d6   0x080001d6   0x00000000   Code   RO         5386    .ARM.Collect$$libshutdown$$00000002  c_w.l(libshutdown2.o)
    0x080001d6   0x080001d6   0x00000000   Code   RO         5388    .ARM.Collect$$libshutdown$$00000004  c_w.l(libshutdown2.o)
    0x080001d6   0x080001d6   0x00000000   Code   RO         5390    .ARM.Collect$$libshutdown$$00000006  c_w.l(libshutdown2.o)
    0x080001d6   0x080001d6   0x00000000   Code   RO         5393    .ARM.Collect$$libshutdown$$00000009  c_w.l(libshutdown2.o)
    0x080001d6   0x080001d6   0x00000000   Code   RO         5396    .ARM.Collect$$libshutdown$$0000000C  c_w.l(libshutdown2.o)
    0x080001d6   0x080001d6   0x00000000   Code   RO         5398    .ARM.Collect$$libshutdown$$0000000E  c_w.l(libshutdown2.o)
    0x080001d6   0x080001d6   0x00000000   Code   RO         5401    .ARM.Collect$$libshutdown$$00000011  c_w.l(libshutdown2.o)
    0x080001d6   0x080001d6   0x00000002   Code   RO         5402    .ARM.Collect$$libshutdown$$00000012  c_w.l(libshutdown2.o)
    0x080001d8   0x080001d8   0x00000000   Code   RO         5142    .ARM.Collect$$rtentry$$00000000  c_w.l(__rtentry.o)
    0x080001d8   0x080001d8   0x00000000   Code   RO         5217    .ARM.Collect$$rtentry$$00000002  c_w.l(__rtentry2.o)
    0x080001d8   0x080001d8   0x00000006   Code   RO         5229    .ARM.Collect$$rtentry$$00000004  c_w.l(__rtentry4.o)
    0x080001de   0x080001de   0x00000000   Code   RO         5219    .ARM.Collect$$rtentry$$00000009  c_w.l(__rtentry2.o)
    0x080001de   0x080001de   0x00000004   Code   RO         5220    .ARM.Collect$$rtentry$$0000000A  c_w.l(__rtentry2.o)
    0x080001e2   0x080001e2   0x00000000   Code   RO         5222    .ARM.Collect$$rtentry$$0000000C  c_w.l(__rtentry2.o)
    0x080001e2   0x080001e2   0x00000008   Code   RO         5223    .ARM.Collect$$rtentry$$0000000D  c_w.l(__rtentry2.o)
    0x080001ea   0x080001ea   0x00000002   Code   RO         5350    .ARM.Collect$$rtexit$$00000000  c_w.l(rtexit.o)
    0x080001ec   0x080001ec   0x00000000   Code   RO         5360    .ARM.Collect$$rtexit$$00000002  c_w.l(rtexit2.o)
    0x080001ec   0x080001ec   0x00000004   Code   RO         5361    .ARM.Collect$$rtexit$$00000003  c_w.l(rtexit2.o)
    0x080001f0   0x080001f0   0x00000006   Code   RO         5362    .ARM.Collect$$rtexit$$00000004  c_w.l(rtexit2.o)
    0x080001f6   0x080001f6   0x00000002   PAD
    0x080001f8   0x080001f8   0x00000040   Code   RO            4    .text               startup_stm32f103xe.o
    0x08000238   0x08000238   0x00000050   Code   RO         4780    .text               arm_cortexM3l_math.lib(arm_cmplx_mag_f32.o)
    0x08000288   0x08000288   0x000005f0   Code   RO         4826    .text               arm_cortexM3l_math.lib(arm_cfft_radix4_f32.o)
    0x08000878   0x08000878   0x000000a8   Code   RO         4853    .text               arm_cortexM3l_math.lib(arm_cfft_radix4_init_f32.o)
    0x08000920   0x08000920   0x000001d2   Code   RO         4881    .text               arm_cortexM3l_math.lib(arm_bitreversal.o)
    0x08000af2   0x08000af2   0x00000002   Code   RO         4986    .text               c_w.l(use_no_semi_2.o)
    0x08000af4   0x08000af4   0x00000018   Code   RO         4990    .text               c_w.l(__2printf.o)
    0x08000b0c   0x08000b0c   0x0000002c   Code   RO         4992    .text               c_w.l(__2sprintf.o)
    0x08000b38   0x08000b38   0x00000052   Code   RO         5000    .text               c_w.l(_printf_str.o)
    0x08000b8a   0x08000b8a   0x00000002   PAD
    0x08000b8c   0x08000b8c   0x00000078   Code   RO         5002    .text               c_w.l(_printf_dec.o)
    0x08000c04   0x08000c04   0x00000094   Code   RO         5022    .text               c_w.l(_printf_hex_int_ll_ptr.o)
    0x08000c98   0x08000c98   0x00000188   Code   RO         5042    .text               c_w.l(__printf_flags_ss_wp.o)
    0x08000e20   0x08000e20   0x00000064   Code   RO         5054    .text               c_w.l(rt_memcpy_w.o)
    0x08000e84   0x08000e84   0x0000004e   Code   RO         5056    .text               c_w.l(rt_memclr_w.o)
    0x08000ed2   0x08000ed2   0x00000002   PAD
    0x08000ed4   0x08000ed4   0x00000080   Code   RO         5058    .text               c_w.l(strcmpv7m.o)
    0x08000f54   0x08000f54   0x00000006   Code   RO         5060    .text               c_w.l(heapauxi.o)
    0x08000f5a   0x08000f5a   0x00000002   Code   RO         5140    .text               c_w.l(use_no_semi.o)
    0x08000f5c   0x08000f5c   0x00000016   Code   RO         5143    .text               c_w.l(_rserrno.o)
    0x08000f72   0x08000f72   0x000000b2   Code   RO         5149    .text               c_w.l(_printf_intcommon.o)
    0x08001024   0x08001024   0x0000041e   Code   RO         5153    .text               c_w.l(_printf_fp_dec.o)
    0x08001442   0x08001442   0x00000002   PAD
    0x08001444   0x08001444   0x00000030   Code   RO         5155    .text               c_w.l(_printf_char_common.o)
    0x08001474   0x08001474   0x0000000a   Code   RO         5157    .text               c_w.l(_sputc.o)
    0x0800147e   0x0800147e   0x0000002c   Code   RO         5159    .text               c_w.l(_printf_char.o)
    0x080014aa   0x080014aa   0x00000002   PAD
    0x080014ac   0x080014ac   0x00000024   Code   RO         5161    .text               c_w.l(_printf_char_file.o)
    0x080014d0   0x080014d0   0x00000008   Code   RO         5234    .text               c_w.l(rt_locale_intlibspace.o)
    0x080014d8   0x080014d8   0x00000008   Code   RO         5239    .text               c_w.l(rt_errno_addr_intlibspace.o)
    0x080014e0   0x080014e0   0x0000008a   Code   RO         5241    .text               c_w.l(lludiv10.o)
    0x0800156a   0x0800156a   0x00000002   PAD
    0x0800156c   0x0800156c   0x00000080   Code   RO         5246    .text               c_w.l(_printf_fp_infnan.o)
    0x080015ec   0x080015ec   0x000000e4   Code   RO         5252    .text               c_w.l(bigflt0.o)
    0x080016d0   0x080016d0   0x00000008   Code   RO         5277    .text               c_w.l(ferror.o)
    0x080016d8   0x080016d8   0x00000008   Code   RO         5290    .text               c_w.l(libspace.o)
    0x080016e0   0x080016e0   0x0000004a   Code   RO         5293    .text               c_w.l(sys_stackheap_outer.o)
    0x0800172a   0x0800172a   0x00000012   Code   RO         5297    .text               c_w.l(exit.o)
    0x0800173c   0x0800173c   0x0000003e   Code   RO         5255    CL$$btod_d2e        c_w.l(btod.o)
    0x0800177a   0x0800177a   0x00000046   Code   RO         5257    CL$$btod_d2e_denorm_low  c_w.l(btod.o)
    0x080017c0   0x080017c0   0x00000060   Code   RO         5256    CL$$btod_d2e_norm_op1  c_w.l(btod.o)
    0x08001820   0x08001820   0x00000338   Code   RO         5265    CL$$btod_div_common  c_w.l(btod.o)
    0x08001b58   0x08001b58   0x000000dc   Code   RO         5262    CL$$btod_e2e        c_w.l(btod.o)
    0x08001c34   0x08001c34   0x0000002a   Code   RO         5259    CL$$btod_ediv       c_w.l(btod.o)
    0x08001c5e   0x08001c5e   0x0000002a   Code   RO         5258    CL$$btod_emul       c_w.l(btod.o)
    0x08001c88   0x08001c88   0x00000244   Code   RO         5264    CL$$btod_mult_common  c_w.l(btod.o)
    0x08001ecc   0x08001ecc   0x00000052   Code   RO         3493    i.ADC_ConversionStop_Disable  stm32f1xx_hal_adc.o
    0x08001f1e   0x08001f1e   0x00000052   Code   RO         3494    i.ADC_DMAConvCplt   stm32f1xx_hal_adc.o
    0x08001f70   0x08001f70   0x0000001e   Code   RO         3495    i.ADC_DMAError      stm32f1xx_hal_adc.o
    0x08001f8e   0x08001f8e   0x0000000e   Code   RO         3496    i.ADC_DMAHalfConvCplt  stm32f1xx_hal_adc.o
    0x08001f9c   0x08001f9c   0x00000084   Code   RO         3497    i.ADC_Enable        stm32f1xx_hal_adc.o
    0x08002020   0x08002020   0x00000004   Code   RO          300    i.BusFault_Handler  stm32f1xx_it.o
    0x08002024   0x08002024   0x0000002c   Code   RO         4258    i.DMA1_Channel1_IRQHandler  adc.o
    0x08002050   0x08002050   0x0000002c   Code   RO         1186    i.DMA_SetConfig     stm32f1xx_hal_dma.o
    0x0800207c   0x0800207c   0x00000002   Code   RO          301    i.DebugMon_Handler  stm32f1xx_it.o
    0x0800207e   0x0800207e   0x00000002   PAD
    0x08002080   0x08002080   0x00000044   Code   RO         2391    i.FSMC_NORSRAM_Extended_Timing_Init  stm32f1xx_ll_fsmc.o
    0x080020c4   0x080020c4   0x00000078   Code   RO         2392    i.FSMC_NORSRAM_Init  stm32f1xx_ll_fsmc.o
    0x0800213c   0x0800213c   0x00000042   Code   RO         2393    i.FSMC_NORSRAM_Timing_Init  stm32f1xx_ll_fsmc.o
    0x0800217e   0x0800217e   0x00000002   PAD
    0x08002180   0x08002180   0x00000104   Code   RO         3673    i.HAL_ADCEx_Calibration_Start  stm32f1xx_hal_adc_ex.o
    0x08002284   0x08002284   0x00000160   Code   RO         3499    i.HAL_ADC_ConfigChannel  stm32f1xx_hal_adc.o
    0x080023e4   0x080023e4   0x00000002   Code   RO         3500    i.HAL_ADC_ConvCpltCallback  stm32f1xx_hal_adc.o
    0x080023e6   0x080023e6   0x00000002   Code   RO         3501    i.HAL_ADC_ConvHalfCpltCallback  stm32f1xx_hal_adc.o
    0x080023e8   0x080023e8   0x00000002   Code   RO         3503    i.HAL_ADC_ErrorCallback  stm32f1xx_hal_adc.o
    0x080023ea   0x080023ea   0x00000002   PAD
    0x080023ec   0x080023ec   0x00000160   Code   RO         3508    i.HAL_ADC_Init      stm32f1xx_hal_adc.o
    0x0800254c   0x0800254c   0x00000084   Code   RO         4259    i.HAL_ADC_MspInit   adc.o
    0x080025d0   0x080025d0   0x00000180   Code   RO         3515    i.HAL_ADC_Start_DMA  stm32f1xx_hal_adc.o
    0x08002750   0x08002750   0x000001a8   Code   RO         1188    i.HAL_DMA_Abort_IT  stm32f1xx_hal_dma.o
    0x080028f8   0x080028f8   0x0000008c   Code   RO         1193    i.HAL_DMA_Init      stm32f1xx_hal_dma.o
    0x08002984   0x08002984   0x0000009c   Code   RO         1197    i.HAL_DMA_Start_IT  stm32f1xx_hal_dma.o
    0x08002a20   0x08002a20   0x00000340   Code   RO         1284    i.HAL_GPIO_Init     stm32f1xx_hal_gpio.o
    0x08002d60   0x08002d60   0x00000010   Code   RO         1286    i.HAL_GPIO_ReadPin  stm32f1xx_hal_gpio.o
    0x08002d70   0x08002d70   0x0000000c   Code   RO         1288    i.HAL_GPIO_WritePin  stm32f1xx_hal_gpio.o
    0x08002d7c   0x08002d7c   0x0000000c   Code   RO          901    i.HAL_GetTick       stm32f1xx_hal.o
    0x08002d88   0x08002d88   0x00000028   Code   RO          908    i.HAL_Init          stm32f1xx_hal.o
    0x08002db0   0x08002db0   0x0000004c   Code   RO          909    i.HAL_InitTick      stm32f1xx_hal.o
    0x08002dfc   0x08002dfc   0x00000002   Code   RO          911    i.HAL_MspInit       stm32f1xx_hal.o
    0x08002dfe   0x08002dfe   0x00000020   Code   RO         1066    i.HAL_NVIC_EnableIRQ  stm32f1xx_hal_cortex.o
    0x08002e1e   0x08002e1e   0x0000007c   Code   RO         1072    i.HAL_NVIC_SetPriority  stm32f1xx_hal_cortex.o
    0x08002e9a   0x08002e9a   0x00000002   PAD
    0x08002e9c   0x08002e9c   0x00000028   Code   RO         1073    i.HAL_NVIC_SetPriorityGrouping  stm32f1xx_hal_cortex.o
    0x08002ec4   0x08002ec4   0x00000134   Code   RO         1616    i.HAL_RCCEx_GetPeriphCLKFreq  stm32f1xx_hal_rcc_ex.o
    0x08002ff8   0x08002ff8   0x00000130   Code   RO         1617    i.HAL_RCCEx_PeriphCLKConfig  stm32f1xx_hal_rcc_ex.o
    0x08003128   0x08003128   0x0000018c   Code   RO         1509    i.HAL_RCC_ClockConfig  stm32f1xx_hal_rcc.o
    0x080032b4   0x080032b4   0x0000000c   Code   RO         1514    i.HAL_RCC_GetHCLKFreq  stm32f1xx_hal_rcc.o
    0x080032c0   0x080032c0   0x00000020   Code   RO         1516    i.HAL_RCC_GetPCLK1Freq  stm32f1xx_hal_rcc.o
    0x080032e0   0x080032e0   0x00000020   Code   RO         1517    i.HAL_RCC_GetPCLK2Freq  stm32f1xx_hal_rcc.o
    0x08003300   0x08003300   0x00000094   Code   RO         1518    i.HAL_RCC_GetSysClockFreq  stm32f1xx_hal_rcc.o
    0x08003394   0x08003394   0x00000464   Code   RO         1521    i.HAL_RCC_OscConfig  stm32f1xx_hal_rcc.o
    0x080037f8   0x080037f8   0x00000066   Code   RO         2252    i.HAL_SRAM_Init     stm32f1xx_hal_sram.o
    0x0800385e   0x0800385e   0x00000002   PAD
    0x08003860   0x08003860   0x00000090   Code   RO         3827    i.HAL_SRAM_MspInit  lcd_1.o
    0x080038f0   0x080038f0   0x00000028   Code   RO         1075    i.HAL_SYSTICK_CLKSourceConfig  stm32f1xx_hal_cortex.o
    0x08003918   0x08003918   0x00000034   Code   RO         1077    i.HAL_SYSTICK_Config  stm32f1xx_hal_cortex.o
    0x0800394c   0x0800394c   0x00000066   Code   RO         2511    i.HAL_TIM_Base_Init  stm32f1xx_hal_tim.o
    0x080039b2   0x080039b2   0x00000002   Code   RO         2513    i.HAL_TIM_Base_MspInit  stm32f1xx_hal_tim.o
    0x080039b4   0x080039b4   0x00000090   Code   RO         2516    i.HAL_TIM_Base_Start_IT  stm32f1xx_hal_tim.o
    0x08003a44   0x08003a44   0x00000002   Code   RO         1672    i.HAL_UART_ErrorCallback  stm32f1xx_hal_uart.o
    0x08003a46   0x08003a46   0x00000002   PAD
    0x08003a48   0x08003a48   0x00000154   Code   RO         1675    i.HAL_UART_IRQHandler  stm32f1xx_hal_uart.o
    0x08003b9c   0x08003b9c   0x00000072   Code   RO         1676    i.HAL_UART_Init     stm32f1xx_hal_uart.o
    0x08003c0e   0x08003c0e   0x00000002   PAD
    0x08003c10   0x08003c10   0x0000017c   Code   RO          813    i.HAL_UART_MspInit  usart.o
    0x08003d8c   0x08003d8c   0x000000d8   Code   RO         1679    i.HAL_UART_Receive  stm32f1xx_hal_uart.o
    0x08003e64   0x08003e64   0x00000070   Code   RO         1681    i.HAL_UART_Receive_IT  stm32f1xx_hal_uart.o
    0x08003ed4   0x08003ed4   0x00000088   Code   RO          814    i.HAL_UART_RxCpltCallback  usart.o
    0x08003f5c   0x08003f5c   0x00000002   Code   RO         1687    i.HAL_UART_TxCpltCallback  stm32f1xx_hal_uart.o
    0x08003f5e   0x08003f5e   0x00000004   Code   RO          302    i.HardFault_Handler  stm32f1xx_it.o
    0x08003f62   0x08003f62   0x00000004   Code   RO          303    i.MemManage_Handler  stm32f1xx_it.o
    0x08003f66   0x08003f66   0x00000002   Code   RO          304    i.NMI_Handler       stm32f1xx_it.o
    0x08003f68   0x08003f68   0x00000028   Code   RO         1522    i.RCC_Delay         stm32f1xx_hal_rcc.o
    0x08003f90   0x08003f90   0x00000002   Code   RO          305    i.SVC_Handler       stm32f1xx_it.o
    0x08003f92   0x08003f92   0x00000002   Code   RO          264    i.SystemInit        system_stm32f1xx.o
    0x08003f94   0x08003f94   0x000000b0   Code   RO         4328    i.TIM3_IRQHandler   gtim.o
    0x08004044   0x08004044   0x0000009c   Code   RO         2604    i.TIM_Base_SetConfig  stm32f1xx_hal_tim.o
    0x080040e0   0x080040e0   0x00000014   Code   RO         1689    i.UART_DMAAbortOnError  stm32f1xx_hal_uart.o
    0x080040f4   0x080040f4   0x00000020   Code   RO         1699    i.UART_EndRxTransfer  stm32f1xx_hal_uart.o
    0x08004114   0x08004114   0x00000020   Code   RO         1700    i.UART_EndTransmit_IT  stm32f1xx_hal_uart.o
    0x08004134   0x08004134   0x000000a0   Code   RO         1702    i.UART_Receive_IT   stm32f1xx_hal_uart.o
    0x080041d4   0x080041d4   0x000000fc   Code   RO         1703    i.UART_SetConfig    stm32f1xx_hal_uart.o
    0x080042d0   0x080042d0   0x00000060   Code   RO         1704    i.UART_Transmit_IT  stm32f1xx_hal_uart.o
    0x08004330   0x08004330   0x0000006c   Code   RO         1705    i.UART_WaitOnFlagUntilTimeout  stm32f1xx_hal_uart.o
    0x0800439c   0x0800439c   0x00000024   Code   RO          815    i.USART1_IRQHandler  usart.o
    0x080043c0   0x080043c0   0x00000104   Code   RO         4195    i.USART3_IRQHandler  atk_mw8266d_uart.o
    0x080044c4   0x080044c4   0x00000004   Code   RO          306    i.UsageFault_Handler  stm32f1xx_it.o
    0x080044c8   0x080044c8   0x00000028   Code   RO         5288    i.__ARM_fpclassify  m_ws.l(fpclassify.o)
    0x080044f0   0x080044f0   0x00000010   Code   RO         1079    i.__NVIC_GetPriorityGrouping  stm32f1xx_hal_cortex.o
    0x08004500   0x08004500   0x00000028   Code   RO         1080    i.__NVIC_SetPriority  stm32f1xx_hal_cortex.o
    0x08004528   0x08004528   0x0000000e   Code   RO         5035    i._is_digit         c_w.l(__printf_wp.o)
    0x08004536   0x08004536   0x00000004   Code   RO          817    i._sys_exit         usart.o
    0x0800453a   0x0800453a   0x00000002   PAD
    0x0800453c   0x0800453c   0x00000054   Code   RO         4261    i.adc_dma_enable    adc.o
    0x08004590   0x08004590   0x00000144   Code   RO         4262    i.adc_dma_init      adc.o
    0x080046d4   0x080046d4   0x00000008   Code   RO         4364    i.at24cxx_init      24cxx.o
    0x080046dc   0x080046dc   0x00000024   Code   RO         4365    i.at24cxx_read      24cxx.o
    0x08004700   0x08004700   0x00000052   Code   RO         4366    i.at24cxx_read_one_byte  24cxx.o
    0x08004752   0x08004752   0x00000024   Code   RO         4367    i.at24cxx_write     24cxx.o
    0x08004776   0x08004776   0x0000004a   Code   RO         4368    i.at24cxx_write_one_byte  24cxx.o
    0x080047c0   0x080047c0   0x00000058   Code   RO          491    i.clear             lcd.o
    0x08004818   0x08004818   0x00000058   Code   RO         4494    i.ct_iic_ack        ctiic.o
    0x08004870   0x08004870   0x0000000a   Code   RO         4495    i.ct_iic_delay      ctiic.o
    0x0800487a   0x0800487a   0x00000002   PAD
    0x0800487c   0x0800487c   0x00000080   Code   RO         4496    i.ct_iic_init       ctiic.o
    0x080048fc   0x080048fc   0x00000044   Code   RO         4497    i.ct_iic_nack       ctiic.o
    0x08004940   0x08004940   0x00000064   Code   RO         4498    i.ct_iic_read_byte  ctiic.o
    0x080049a4   0x080049a4   0x00000070   Code   RO         4499    i.ct_iic_send_byte  ctiic.o
    0x08004a14   0x08004a14   0x00000054   Code   RO         4500    i.ct_iic_start      ctiic.o
    0x08004a68   0x08004a68   0x00000044   Code   RO         4501    i.ct_iic_stop       ctiic.o
    0x08004aac   0x08004aac   0x00000070   Code   RO         4502    i.ct_iic_wait_ack   ctiic.o
    0x08004b1c   0x08004b1c   0x00000010   Code   RO          647    i.ctp_init          touch.o
    0x08004b2c   0x08004b2c   0x000000c4   Code   RO          648    i.ctp_scan          touch.o
    0x08004bf0   0x08004bf0   0x00000028   Code   RO          697    i.delay_init        delay.o
    0x08004c18   0x08004c18   0x00000038   Code   RO          698    i.delay_ms          delay.o
    0x08004c50   0x08004c50   0x0000004c   Code   RO          699    i.delay_us          delay.o
    0x08004c9c   0x08004c9c   0x00000028   Code   RO          649    i.dist              touch.o
    0x08004cc4   0x08004cc4   0x0000001c   Code   RO          819    i.fputc             usart.o
    0x08004ce0   0x08004ce0   0x00000140   Code   RO         4568    i.ft5206_init       ft5206.o
    0x08004e20   0x08004e20   0x00000058   Code   RO         4569    i.ft5206_rd_reg     ft5206.o
    0x08004e78   0x08004e78   0x000001a4   Code   RO         4570    i.ft5206_scan       ft5206.o
    0x0800501c   0x0800501c   0x00000052   Code   RO         4571    i.ft5206_wr_reg     ft5206.o
    0x0800506e   0x0800506e   0x00000002   PAD
    0x08005070   0x08005070   0x00000178   Code   RO         4627    i.gt9xxx_init       gt9xxx.o
    0x080051e8   0x080051e8   0x00000062   Code   RO         4628    i.gt9xxx_rd_reg     gt9xxx.o
    0x0800524a   0x0800524a   0x00000002   PAD
    0x0800524c   0x0800524c   0x000002f0   Code   RO         4629    i.gt9xxx_scan       gt9xxx.o
    0x0800553c   0x0800553c   0x0000005c   Code   RO         4630    i.gt9xxx_wr_reg     gt9xxx.o
    0x08005598   0x08005598   0x00000060   Code   RO         4329    i.gtim_timx_int_init  gtim.o
    0x080055f8   0x080055f8   0x00000050   Code   RO         4423    i.iic_ack           myiic.o
    0x08005648   0x08005648   0x0000000a   Code   RO         4424    i.iic_delay         myiic.o
    0x08005652   0x08005652   0x00000002   PAD
    0x08005654   0x08005654   0x00000078   Code   RO         4425    i.iic_init          myiic.o
    0x080056cc   0x080056cc   0x00000040   Code   RO         4426    i.iic_nack          myiic.o
    0x0800570c   0x0800570c   0x0000005c   Code   RO         4427    i.iic_read_byte     myiic.o
    0x08005768   0x08005768   0x0000006c   Code   RO         4428    i.iic_send_byte     myiic.o
    0x080057d4   0x080057d4   0x0000004c   Code   RO         4429    i.iic_start         myiic.o
    0x08005820   0x08005820   0x00000040   Code   RO         4430    i.iic_stop          myiic.o
    0x08005860   0x08005860   0x00000064   Code   RO         4431    i.iic_wait_ack      myiic.o
    0x080058c4   0x080058c4   0x000000c8   Code   RO          492    i.lcd_buttons_init  lcd.o
    0x0800598c   0x0800598c   0x000002fc   Code   RO          493    i.lcd_char_init     lcd.o
    0x08005c88   0x08005c88   0x00000034   Code   RO         3828    i.lcd_clear         lcd_1.o
    0x08005cbc   0x08005cbc   0x0000016c   Code   RO         3830    i.lcd_display_dir   lcd_1.o
    0x08005e28   0x08005e28   0x0000006a   Code   RO         3833    i.lcd_draw_circle   lcd_1.o
    0x08005e92   0x08005e92   0x000000ac   Code   RO         3835    i.lcd_draw_line     lcd_1.o
    0x08005f3e   0x08005f3e   0x00000002   PAD
    0x08005f40   0x08005f40   0x00000020   Code   RO         3836    i.lcd_draw_point    lcd_1.o
    0x08005f60   0x08005f60   0x0000006a   Code   RO         3837    i.lcd_draw_rectangle  lcd_1.o
    0x08005fca   0x08005fca   0x0000022c   Code   RO         3838    i.lcd_ex_ili9341_reginit  lcd_1.o
    0x080061f6   0x080061f6   0x00000340   Code   RO         3839    i.lcd_ex_ili9806_reginit  lcd_1.o
    0x08006536   0x08006536   0x00000ef2   Code   RO         3840    i.lcd_ex_nt35310_reginit  lcd_1.o
    0x08007428   0x08007428   0x00000efc   Code   RO         3841    i.lcd_ex_nt35510_reginit  lcd_1.o
    0x08008324   0x08008324   0x0000016e   Code   RO         3842    i.lcd_ex_ssd1963_reginit  lcd_1.o
    0x08008492   0x08008492   0x000001a8   Code   RO         3843    i.lcd_ex_st7789_reginit  lcd_1.o
    0x0800863a   0x0800863a   0x000001c6   Code   RO         3844    i.lcd_ex_st7796_reginit  lcd_1.o
    0x08008800   0x08008800   0x00000054   Code   RO         3845    i.lcd_fill          lcd_1.o
    0x08008854   0x08008854   0x00000468   Code   RO         3847    i.lcd_init          lcd_1.o
    0x08008cbc   0x08008cbc   0x00000070   Code   RO          494    i.lcd_logo_init     lcd.o
    0x08008d2c   0x08008d2c   0x000000d0   Code   RO          495    i.lcd_note_init     lcd.o
    0x08008dfc   0x08008dfc   0x00000068   Code   RO          496    i.lcd_note_press    lcd.o
    0x08008e64   0x08008e64   0x0000000c   Code   RO         3848    i.lcd_opt_delay     lcd_1.o
    0x08008e70   0x08008e70   0x00000018   Code   RO         3850    i.lcd_rd_data       lcd_1.o
    0x08008e88   0x08008e88   0x0000023c   Code   RO         3852    i.lcd_scan_dir      lcd_1.o
    0x080090c4   0x080090c4   0x0000002e   Code   RO          498    i.lcd_sections_init  lcd.o
    0x080090f2   0x080090f2   0x00000002   PAD
    0x080090f4   0x080090f4   0x00000120   Code   RO         3853    i.lcd_set_cursor    lcd_1.o
    0x08009214   0x08009214   0x00000128   Code   RO         3855    i.lcd_show_char     lcd_1.o
    0x0800933c   0x0800933c   0x0000006a   Code   RO         3857    i.lcd_show_string   lcd_1.o
    0x080093a6   0x080093a6   0x00000002   PAD
    0x080093a8   0x080093a8   0x0000006c   Code   RO          499    i.lcd_spectrum_init  lcd.o
    0x08009414   0x08009414   0x00000070   Code   RO          500    i.lcd_spectrum_set_height  lcd.o
    0x08009484   0x08009484   0x00000054   Code   RO         3859    i.lcd_ssd_backlight_set  lcd_1.o
    0x080094d8   0x080094d8   0x0000014c   Code   RO          501    i.lcd_stave_init    lcd.o
    0x08009624   0x08009624   0x000000e8   Code   RO          502    i.lcd_stave_line    lcd.o
    0x0800970c   0x0800970c   0x0000004c   Code   RO          503    i.lcd_stave_note    lcd.o
    0x08009758   0x08009758   0x000000b8   Code   RO          504    i.lcd_stave_update  lcd.o
    0x08009810   0x08009810   0x00000018   Code   RO         3860    i.lcd_wr_data       lcd_1.o
    0x08009828   0x08009828   0x00000018   Code   RO         3861    i.lcd_wr_regno      lcd_1.o
    0x08009840   0x08009840   0x00000014   Code   RO         3862    i.lcd_write_ram_prepare  lcd_1.o
    0x08009854   0x08009854   0x00000010   Code   RO         3863    i.lcd_write_reg     lcd_1.o
    0x08009864   0x08009864   0x00000090   Code   RO         3769    i.led_init          led.o
    0x080098f4   0x080098f4   0x00000214   Code   RO           13    i.main              main.o
    0x08009b08   0x08009b08   0x00000210   Code   RO           14    i.search_notes      main.o
    0x08009d18   0x08009d18   0x0000004c   Code   RO         5125    i.sqrt              m_ws.l(sqrt.o)
    0x08009d64   0x08009d64   0x0000002c   Code   RO         5133    i.sqrtf             m_ws.l(sqrtf.o)
    0x08009d90   0x08009d90   0x0000000c   Code   RO          505    i.start             lcd.o
    0x08009d9c   0x08009d9c   0x0000000c   Code   RO          506    i.stop              lcd.o
    0x08009da8   0x08009da8   0x00000056   Code   RO          746    i.sys_stm32_clock_init  sys.o
    0x08009dfe   0x08009dfe   0x00000002   PAD
    0x08009e00   0x08009e00   0x000003f0   Code   RO         4673    i.tp_adjust         touch_1.o
    0x0800a1f0   0x0800a1f0   0x00000148   Code   RO         4674    i.tp_adjust_info_show  touch_1.o
    0x0800a338   0x0800a338   0x00000076   Code   RO         4676    i.tp_draw_touch_point  touch_1.o
    0x0800a3ae   0x0800a3ae   0x00000002   PAD
    0x0800a3b0   0x0800a3b0   0x00000028   Code   RO         4677    i.tp_get_adjust_data  touch_1.o
    0x0800a3d8   0x0800a3d8   0x00000234   Code   RO         4678    i.tp_init           touch_1.o
    0x0800a60c   0x0800a60c   0x000000d8   Code   RO         4679    i.tp_read_ad        touch_1.o
    0x0800a6e4   0x0800a6e4   0x00000078   Code   RO         4680    i.tp_read_xoy       touch_1.o
    0x0800a75c   0x0800a75c   0x00000044   Code   RO         4681    i.tp_read_xy        touch_1.o
    0x0800a7a0   0x0800a7a0   0x000000b0   Code   RO         4682    i.tp_read_xy2       touch_1.o
    0x0800a850   0x0800a850   0x0000001c   Code   RO         4683    i.tp_save_adjust_data  touch_1.o
    0x0800a86c   0x0800a86c   0x00000130   Code   RO         4684    i.tp_scan           touch_1.o
    0x0800a99c   0x0800a99c   0x00000068   Code   RO         4685    i.tp_write_byte     touch_1.o
    0x0800aa04   0x0800aa04   0x00000038   Code   RO          820    i.usart_init        usart.o
    0x0800aa3c   0x0800aa3c   0x0000002c   Code   RO         5284    locale$$code        c_w.l(lc_numeric_c.o)
    0x0800aa68   0x0800aa68   0x00000062   Code   RO         5064    x$fpl$d2f           fz_ws.l(d2f.o)
    0x0800aaca   0x0800aaca   0x00000002   PAD
    0x0800aacc   0x0800aacc   0x00000150   Code   RO         5066    x$fpl$dadd          fz_ws.l(daddsub_clz.o)
    0x0800ac1c   0x0800ac1c   0x00000018   Code   RO         5193    x$fpl$dcmpinf       fz_ws.l(dcmpi.o)
    0x0800ac34   0x0800ac34   0x000002b0   Code   RO         5073    x$fpl$ddiv          fz_ws.l(ddiv.o)
    0x0800aee4   0x0800aee4   0x0000005a   Code   RO         5076    x$fpl$dfixu         fz_ws.l(dfixu.o)
    0x0800af3e   0x0800af3e   0x0000002e   Code   RO         5081    x$fpl$dflt          fz_ws.l(dflt_clz.o)
    0x0800af6c   0x0800af6c   0x00000026   Code   RO         5080    x$fpl$dfltu         fz_ws.l(dflt_clz.o)
    0x0800af92   0x0800af92   0x00000002   PAD
    0x0800af94   0x0800af94   0x00000078   Code   RO         5086    x$fpl$dleqf         fz_ws.l(dleqf.o)
    0x0800b00c   0x0800b00c   0x00000154   Code   RO         5088    x$fpl$dmul          fz_ws.l(dmul.o)
    0x0800b160   0x0800b160   0x0000009c   Code   RO         5195    x$fpl$dnaninf       fz_ws.l(dnaninf.o)
    0x0800b1fc   0x0800b1fc   0x0000000c   Code   RO         5197    x$fpl$dretinf       fz_ws.l(dretinf.o)
    0x0800b208   0x0800b208   0x0000006c   Code   RO         5090    x$fpl$drleqf        fz_ws.l(drleqf.o)
    0x0800b274   0x0800b274   0x000001cc   Code   RO         5199    x$fpl$dsqrt         fz_ws.l(dsqrt_noumaal.o)
    0x0800b440   0x0800b440   0x000001d4   Code   RO         5068    x$fpl$dsub          fz_ws.l(daddsub_clz.o)
    0x0800b614   0x0800b614   0x000000c4   Code   RO         5092    x$fpl$fadd          fz_ws.l(faddsub_clz.o)
    0x0800b6d8   0x0800b6d8   0x00000018   Code   RO         5201    x$fpl$fcmpinf       fz_ws.l(fcmpi.o)
    0x0800b6f0   0x0800b6f0   0x00000184   Code   RO         5099    x$fpl$fdiv          fz_ws.l(fdiv.o)
    0x0800b874   0x0800b874   0x00000036   Code   RO         5102    x$fpl$ffix          fz_ws.l(ffix.o)
    0x0800b8aa   0x0800b8aa   0x00000002   PAD
    0x0800b8ac   0x0800b8ac   0x0000003e   Code   RO         5106    x$fpl$ffixu         fz_ws.l(ffixu.o)
    0x0800b8ea   0x0800b8ea   0x00000002   PAD
    0x0800b8ec   0x0800b8ec   0x00000030   Code   RO         5111    x$fpl$fflt          fz_ws.l(fflt_clz.o)
    0x0800b91c   0x0800b91c   0x00000068   Code   RO         5116    x$fpl$fleqf         fz_ws.l(fleqf.o)
    0x0800b984   0x0800b984   0x00000102   Code   RO         5118    x$fpl$fmul          fz_ws.l(fmul.o)
    0x0800ba86   0x0800ba86   0x0000008c   Code   RO         5203    x$fpl$fnaninf       fz_ws.l(fnaninf.o)
    0x0800bb12   0x0800bb12   0x0000000a   Code   RO         5205    x$fpl$fretinf       fz_ws.l(fretinf.o)
    0x0800bb1c   0x0800bb1c   0x00000062   Code   RO         5120    x$fpl$frleqf        fz_ws.l(frleqf.o)
    0x0800bb7e   0x0800bb7e   0x00000014   Code   RO         5093    x$fpl$frsb          fz_ws.l(faddsub_clz.o)
    0x0800bb92   0x0800bb92   0x00000002   PAD
    0x0800bb94   0x0800bb94   0x00000110   Code   RO         5207    x$fpl$fsqrt         fz_ws.l(fsqrt.o)
    0x0800bca4   0x0800bca4   0x000000ea   Code   RO         5094    x$fpl$fsub          fz_ws.l(faddsub_clz.o)
    0x0800bd8e   0x0800bd8e   0x00000004   Code   RO         5122    x$fpl$printf1       fz_ws.l(printf1.o)
    0x0800bd92   0x0800bd92   0x00000000   Code   RO         5215    x$fpl$usenofp       fz_ws.l(usenofp.o)
    0x0800bd92   0x0800bd92   0x00000018   Data   RO          265    .constdata          system_stm32f1xx.o
    0x0800bdaa   0x0800bdaa   0x00000002   PAD
    0x0800bdac   0x0800bdac   0x00000390   Data   RO          508    .constdata          lcd.o
    0x0800c13c   0x0800c13c   0x00002f80   Data   RO         3865    .constdata          lcd_1.o
    0x0800f0bc   0x0800f0bc   0x0000000a   Data   RO         4572    .constdata          ft5206.o
    0x0800f0c6   0x0800f0c6   0x00000014   Data   RO         4631    .constdata          gt9xxx.o
    0x0800f0da   0x0800f0da   0x00000002   PAD
    0x0800f0dc   0x0800f0dc   0x00000004   Data   RO         4686    .constdata          touch_1.o
    0x0800f0e0   0x0800f0e0   0x00000800   Data   RO         4905    .constdata          arm_cortexM3l_math.lib(arm_common_tables.o)
    0x0800f8e0   0x0800f8e0   0x00008000   Data   RO         4914    .constdata          arm_cortexM3l_math.lib(arm_common_tables.o)
    0x080178e0   0x080178e0   0x00000028   Data   RO         5023    .constdata          c_w.l(_printf_hex_int_ll_ptr.o)
    0x08017908   0x08017908   0x00000011   Data   RO         5043    .constdata          c_w.l(__printf_flags_ss_wp.o)
    0x08017919   0x08017919   0x00000003   PAD
    0x0801791c   0x0801791c   0x00000094   Data   RO         5253    .constdata          c_w.l(bigflt0.o)
    0x080179b0   0x080179b0   0x00001bf0   Data   RO          509    .conststring        lcd.o
    0x080195a0   0x080195a0   0x00000079   Data   RO         4687    .conststring        touch_1.o
    0x08019619   0x08019619   0x00000003   PAD
    0x0801961c   0x0801961c   0x00000020   Data   RO         5425    Region$$Table       anon$$obj.o
    0x0801963c   0x0801963c   0x0000001c   Data   RO         5283    locale$$data        c_w.l(lc_numeric_c.o)


    Execution Region RW_IRAM1 (Exec base: 0x20000000, Load base: 0x08019658, Size: 0x00004420, Max: 0x00010000, ABSOLUTE)

    Exec Addr    Load Addr    Size         Type   Attr      Idx    E Section Name        Object

    0x20000000   0x08019658   0x00000004   Data   RW          266    .data               system_stm32f1xx.o
    0x20000004   0x0801965c   0x0000008c   Data   RW          510    .data               lcd.o
    0x20000090   0x080196e8   0x00000004   Data   RW          650    .data               touch.o
    0x20000094   0x080196ec   0x00000002   Data   RW          700    .data               delay.o
    0x20000096   0x080196ee   0x00000002   PAD
    0x20000098   0x080196f0   0x00000007   Data   RW          822    .data               usart.o
    0x2000009f   0x080196f7   0x00000001   PAD
    0x200000a0   0x080196f8   0x00000009   Data   RW          915    .data               stm32f1xx_hal.o
    0x200000a9   0x08019701   0x00000001   Data   RW         4267    .data               adc.o
    0x200000aa   0x08019702   0x00000002   PAD
    0x200000ac   0x08019704   0x00000008   Data   RW         4331    .data               gtim.o
    0x200000b4   0x0801970c   0x00000001   Data   RW         4573    .data               ft5206.o
    0x200000b5   0x0801970d   0x00000002   Data   RW         4632    .data               gt9xxx.o
    0x200000b7   0x0801970f   0x00000001   PAD
    0x200000b8   0x08019710   0x00000048   Data   RW         4688    .data               touch_1.o
    0x20000100        -       0x00001014   Zero   RW           15    .bss                main.o
    0x20001114        -       0x00000958   Zero   RW          507    .bss                lcd.o
    0x20001a6c        -       0x00000108   Zero   RW          821    .bss                usart.o
    0x20001b74        -       0x00000056   Zero   RW         3864    .bss                lcd_1.o
    0x20001bca   0x08019758   0x00000002   PAD
    0x20001bcc        -       0x00000102   Zero   RW         4201    .bss                atk_mw8266d_uart.o
    0x20001cce   0x08019758   0x00000002   PAD
    0x20001cd0        -       0x000000a4   Zero   RW         4266    .bss                adc.o
    0x20001d74        -       0x00002048   Zero   RW         4330    .bss                gtim.o
    0x20003dbc        -       0x00000060   Zero   RW         5291    .bss                c_w.l(libspace.o)
    0x20003e1c   0x08019758   0x00000004   PAD
    0x20003e20        -       0x00000200   Zero   RW            2    HEAP                startup_stm32f103xe.o
    0x20004020        -       0x00000400   Zero   RW            1    STACK               startup_stm32f103xe.o


==============================================================================

Image component sizes


      Code (inc. data)   RO Data    RW Data    ZI Data      Debug   Object Name

       236          0          0          0          0       3279   24cxx.o
       584         54          0          1        164       3204   adc.o
       260          8          0          0        258       1504   atk_mw8266d_uart.o
       770         80          0          0          0       5146   ctiic.o
       172         16          0          2          0       1863   delay.o
       910         38         10          1          0       3785   ft5206.o
      1318         72         20          2          0       3943   gt9xxx.o
       272         44          0          8       8264       1974   gtim.o
      2590        226       8064        140       2392      11331   lcd.o
     13948        170      12160          0         86      27173   lcd_1.o
       144         12          0          0          0        895   led.o
      1060         62          0          0       4116     536981   main.o
       714         42          0          0          0       5010   myiic.o
        64         26        304          0       1536        924   startup_stm32f103xe.o
       130         24          0          9          0       5869   stm32f1xx_hal.o
      1434         58          0          0          0       8310   stm32f1xx_hal_adc.o
       260          4          0          0          0       1446   stm32f1xx_hal_adc_ex.o
       344         22          0          0          0      29985   stm32f1xx_hal_cortex.o
       764         18          0          0          0       3465   stm32f1xx_hal_dma.o
       860         40          0          0          0       3327   stm32f1xx_hal_gpio.o
      1784        110          0          0          0       6000   stm32f1xx_hal_rcc.o
       612         46          0          0          0       2417   stm32f1xx_hal_rcc_ex.o
       102          0          0          0          0       1196   stm32f1xx_hal_sram.o
       404         44          0          0          0       3096   stm32f1xx_hal_tim.o
      1486         10          0          0          0       9566   stm32f1xx_hal_uart.o
        22          0          0          0          0       2963   stm32f1xx_it.o
       254         10          0          0          0       3823   stm32f1xx_ll_fsmc.o
        86          0          0          0          0        711   sys.o
         2          0         24          4          0       1319   system_stm32f1xx.o
       252         24          0          4          0       1917   touch.o
      3074        172        125         72          0      11054   touch_1.o
       640         64          0          7        264       5537   usart.o

    ----------------------------------------------------------------------
     35586       1496      20746        256      17084     709013   Object Totals
         0          0         32          0          0          0   (incl. Generated)
        34          0          7          6          4          0   (incl. Padding)

    ----------------------------------------------------------------------

      Code (inc. data)   RO Data    RW Data    ZI Data      Debug   Library Member Name

       466          0          0          0          0       2874   arm_bitreversal.o
      1520          0          0          0          0      18148   arm_cfft_radix4_f32.o
       168         26          0          0          0        891   arm_cfft_radix4_init_f32.o
        80          0          0          0          0      18908   arm_cmplx_mag_f32.o
         0          0      34816          0          0       4704   arm_common_tables.o
        24          4          0          0          0         84   __2printf.o
        44          6          0          0          0         84   __2sprintf.o
         8          0          0          0          0         68   __main.o
       392          4         17          0          0         92   __printf_flags_ss_wp.o
        14          0          0          0          0         68   __printf_wp.o
         0          0          0          0          0          0   __rtentry.o
        12          0          0          0          0          0   __rtentry2.o
         6          0          0          0          0          0   __rtentry4.o
        52          8          0          0          0          0   __scatter.o
        26          0          0          0          0          0   __scatter_copy.o
        28          0          0          0          0          0   __scatter_zi.o
        44          0          0          0          0        108   _printf_char.o
        48          6          0          0          0         96   _printf_char_common.o
        36          4          0          0          0         80   _printf_char_file.o
         6          0          0          0          0          0   _printf_d.o
       120         16          0          0          0         92   _printf_dec.o
         6          0          0          0          0          0   _printf_f.o
      1054          0          0          0          0        216   _printf_fp_dec.o
       128         16          0          0          0         84   _printf_fp_infnan.o
       148          4         40          0          0        160   _printf_hex_int_ll_ptr.o
       178          0          0          0          0         88   _printf_intcommon.o
         0          0          0          0          0          0   _printf_percent.o
         4          0          0          0          0          0   _printf_percent_end.o
         6          0          0          0          0          0   _printf_s.o
        82          0          0          0          0         80   _printf_str.o
         6          0          0          0          0          0   _printf_x.o
        22          0          0          0          0        100   _rserrno.o
        10          0          0          0          0         68   _sputc.o
       228          4        148          0          0         96   bigflt0.o
      1936        128          0          0          0        672   btod.o
        18          0          0          0          0         80   exit.o
         8          0          0          0          0         68   ferror.o
         6          0          0          0          0        152   heapauxi.o
        44         10         28          0          0         76   lc_numeric_c.o
         2          0          0          0          0          0   libinit.o
        18          0          0          0          0          0   libinit2.o
         2          0          0          0          0          0   libshutdown.o
         2          0          0          0          0          0   libshutdown2.o
         8          4          0          0         96         68   libspace.o
       138          0          0          0          0         80   lludiv10.o
         8          4          0          0          0         68   rt_errno_addr_intlibspace.o
         8          4          0          0          0         68   rt_locale_intlibspace.o
        78          0          0          0          0         80   rt_memclr_w.o
       100          0          0          0          0         80   rt_memcpy_w.o
         2          0          0          0          0          0   rtexit.o
        10          0          0          0          0          0   rtexit2.o
       128          0          0          0          0         68   strcmpv7m.o
        74          0          0          0          0         80   sys_stackheap_outer.o
         2          0          0          0          0         68   use_no_semi.o
         2          0          0          0          0         68   use_no_semi_2.o
        98          4          0          0          0         92   d2f.o
       804         16          0          0          0        272   daddsub_clz.o
        24          0          0          0          0         68   dcmpi.o
       688        140          0          0          0        208   ddiv.o
        90          4          0          0          0         92   dfixu.o
        84          0          0          0          0        136   dflt_clz.o
       120          4          0          0          0         92   dleqf.o
       340         12          0          0          0        104   dmul.o
       156          4          0          0          0         92   dnaninf.o
        12          0          0          0          0         68   dretinf.o
       108          0          0          0          0         80   drleqf.o
       460         56          0          0          0        120   dsqrt_noumaal.o
       450          8          0          0          0        236   faddsub_clz.o
        24          0          0          0          0         68   fcmpi.o
       388         76          0          0          0         96   fdiv.o
        54          4          0          0          0         84   ffix.o
        62          4          0          0          0         84   ffixu.o
        48          0          0          0          0         68   fflt_clz.o
       104          4          0          0          0         84   fleqf.o
       258          4          0          0          0         84   fmul.o
       140          4          0          0          0         84   fnaninf.o
        10          0          0          0          0         68   fretinf.o
        98          0          0          0          0         68   frleqf.o
       272        100          0          0          0         88   fsqrt.o
         4          0          0          0          0         68   printf1.o
         0          0          0          0          0          0   usenofp.o
        40          0          0          0          0         68   fpclassify.o
        76          0          0          0          0         84   sqrt.o
        44          0          0          0          0         80   sqrtf.o

    ----------------------------------------------------------------------
     12640        692      35052          0        100      51801   Library Totals
        24          0          3          0          4          0   (incl. Padding)

    ----------------------------------------------------------------------

      Code (inc. data)   RO Data    RW Data    ZI Data      Debug   Library Name

      2234         26      34816          0          0      45525   arm_cortexM3l_math.lib
      5326        222        233          0         96       3440   c_w.l
      4896        444          0          0          0       2604   fz_ws.l
       160          0          0          0          0        232   m_ws.l

    ----------------------------------------------------------------------
     12640        692      35052          0        100      51801   Library Totals

    ----------------------------------------------------------------------

==============================================================================


      Code (inc. data)   RO Data    RW Data    ZI Data      Debug   

     48226       2188      55798        256      17184     748226   Grand Totals
     48226       2188      55798        256      17184     748226   ELF Image Totals
     48226       2188      55798        256          0          0   ROM Totals

==============================================================================

    Total RO  Size (Code + RO Data)               104024 ( 101.59kB)
    Total RW  Size (RW Data + ZI Data)             17440 (  17.03kB)
    Total ROM Size (Code + RO Data + RW Data)     104280 ( 101.84kB)

==============================================================================

